== baseline (last refresh: 205 group bindings)
-- before the grant
   dashboard findings: total 205 | ok 38 | dangling 0 | unresolved 6 | unmanaged 0 | built-in 161 | ok+review+built-in 205
   /api/clusters dashboard dangling 0 unresolved 6 unmanaged 0
   /api/clusters shared-qa dangling 0 unresolved 6 unmanaged 0
   /api/clusters shared-rnd dangling 0 unresolved 6 unmanaged 0
== the hand-made grant
namespace/gsd-evidence-347 created
rolebinding.rbac.authorization.k8s.io/evidence-347-hand-made created
   labels: 
   subject: Group/app-ocp-rbac-groupsync-ns-auditor
   refresh: 
   log: 2026-09-24 21:36:49,854-0400 WARNING gsd.poller UNMANAGED GRANT DISCOVERED — shared-rnd: RoleBinding gsd-evidence-347/evidence-347-hand-made grants view to grou
-- with the grant
   dashboard findings: total 207 | ok 38 | dangling 0 | unresolved 6 | unmanaged 1 | built-in 162 | ok+review+built-in 207
   /api/clusters dashboard dangling 0 unresolved 6 unmanaged 1
   /api/clusters shared-qa dangling 0 unresolved 6 unmanaged 1
   /api/clusters shared-rnd dangling 0 unresolved 6 unmanaged 1
== the pages
   access granted tiles: {'Group bindings on this cluster': '207', 'Grant a real group': '38', 'Need review': '7', 'Built-in': '162'}
   unmanaged section: unmanaged Unmanaged · 1
   overview tile dashboard: Bindings to review 7
   overview tile shared-qa: Bindings to review 7
   overview tile shared-rnd: Bindings to review 7
   kpi to review: TO REVIEW 21 18 unresolved · 0 dangling · 3 unmanaged
== removing the grant
namespace "gsd-evidence-347" deleted
   refresh: 2026-09-24 21:37:49,936-0400 INFO    gsd.poller refreshed 205 group bindings for dashboard
-- after removing it
   dashboard findings: total 205 | ok 38 | dangling 0 | unresolved 6 | unmanaged 0 | built-in 161 | ok+review+built-in 205
   /api/clusters dashboard dangling 0 unresolved 6 unmanaged 0
   /api/clusters shared-qa dangling 0 unresolved 6 unmanaged 0
   /api/clusters shared-rnd dangling 0 unresolved 6 unmanaged 1
evidence-347 exit=0
