2026-10-03 12:41:34,496-0400 DEBUG   gsd.kube fetched 5 users from mock-trusted, 4 with an identity, 5 with a display name
2026-10-03 12:41:34,498-0400 INFO    gsd.poller mock-trusted: 5 user(s) recorded, 5 with a display name, 0 with an Identity creation time
2026-10-03 12:41:34,607-0400 DEBUG   gsd.kube mock-trusted: login-gate group discovered from identity provider 'acme-ldap': cn=ocp-admins,ou=Groups,dc=acme,dc=com
2026-10-03 12:41:34,610-0400 INFO    gsd.poller polled mock-trusted: 1 CRs, 7 groups, 0 new sync event(s), 0 membership change(s)
2026-10-03 12:41:34,687-0400 DEBUG   gsd.kube fetched 5 users from mock-privateca, 4 with an identity, 5 with a display name
2026-10-03 12:41:34,689-0400 INFO    gsd.poller mock-privateca: 5 user(s) recorded, 5 with a display name, 0 with an Identity creation time
2026-10-03 12:41:34,788-0400 DEBUG   gsd.kube mock-privateca: login-gate group discovered from identity provider 'acme-ldap': cn=ocp-admins,ou=Groups,dc=acme,dc=com
2026-10-03 12:41:34,791-0400 INFO    gsd.poller polled mock-privateca: 1 CRs, 7 groups, 0 new sync event(s), 0 membership change(s)
2026-10-03 12:41:35,098-0400 DEBUG   gsd.auditlog mock-trusted: master-0: audit.log read 0 byte(s) from offset 1559 — 0 line(s), 0 login event(s), 0 inside retention, 0 after the identity filter
2026-10-03 12:41:35,187-0400 DEBUG   gsd.kube fetched 61 users from dashboard, 61 with an identity, 8 with a display name
2026-10-03 12:41:35,202-0400 DEBUG   gsd.kube mock-trusted: no oauth-server directory on master-1
2026-10-03 12:41:35,385-0400 DEBUG   gsd.auditlog mock-privateca: master-0: audit.log read 0 byte(s) from offset 1559 — 0 line(s), 0 login event(s), 0 inside retention, 0 after the identity filter
2026-10-03 12:41:35,505-0400 DEBUG   gsd.kube mock-privateca: no oauth-server directory on master-1
2026-10-03 12:41:35,510-0400 INFO    gsd.poller dashboard: 61 user(s) recorded, 8 with a display name, 0 with an Identity creation time
2026-10-03 12:41:35,601-0400 DEBUG   gsd.kube fetched 5 users from mock-selfsigned, 4 with an identity, 5 with a display name
2026-10-03 12:41:35,693-0400 DEBUG   gsd.kube fetched 61 users from shared-qa, 61 with an identity, 8 with a display name
2026-10-03 12:41:35,794-0400 DEBUG   gsd.kube fetched 61 users from shared-rnd, 61 with an identity, 8 with a display name
2026-10-03 12:41:35,808-0400 DEBUG   gsd.kube fetched 5 binding subject rows from mock-trusted
2026-10-03 12:41:35,988-0400 DEBUG   gsd.kube dashboard: login-gate group discovered from identity provider 'ldap-local': cn=app-ssb-autobahnusers,ou=Groups,dc=ephico2real,dc=com
2026-10-03 12:41:35,991-0400 DEBUG   gsd.kube fetched 5 binding subject rows from mock-privateca
2026-10-03 12:41:36,000-0400 INFO    gsd.poller polled dashboard: 3 CRs, 66 groups, 0 new sync event(s), 0 membership change(s)
2026-10-03 12:41:36,009-0400 INFO    gsd.poller mock-selfsigned: 5 user(s) recorded, 5 with a display name, 0 with an Identity creation time
2026-10-03 12:41:36,195-0400 DEBUG   gsd.kube fetched 1 direct-user binding rows from mock-trusted
2026-10-03 12:41:36,198-0400 INFO    gsd.poller shared-qa: 61 user(s) recorded, 8 with a display name, 0 with an Identity creation time
2026-10-03 12:41:36,203-0400 INFO    gsd.poller shared-rnd: 61 user(s) recorded, 8 with a display name, 0 with an Identity creation time
2026-10-03 12:41:36,205-0400 INFO    gsd.poller mock-trusted: 1 direct-user binding(s), 1 naming a person
2026-10-03 12:41:36,286-0400 DEBUG   gsd.kube fetched 1 direct-user binding rows from mock-privateca
2026-10-03 12:41:36,295-0400 DEBUG   gsd.kube fetched 7 namespaces from mock-trusted
2026-10-03 12:41:36,386-0400 DEBUG   gsd.kube mock-selfsigned: login-gate group discovered from identity provider 'acme-ldap': cn=ocp-admins,ou=Groups,dc=acme,dc=com
2026-10-03 12:41:36,396-0400 INFO    gsd.poller polled mock-selfsigned: 1 CRs, 7 groups, 0 new sync event(s), 0 membership change(s)
2026-10-03 12:41:36,407-0400 INFO    gsd.poller mock-privateca: 1 direct-user binding(s), 1 naming a person
2026-10-03 12:41:36,483-0400 DEBUG   gsd.poller mock-trusted: 7 namespace(s) recorded
2026-10-03 12:41:36,692-0400 DEBUG   gsd.kube fetched 7 namespaces from mock-privateca
2026-10-03 12:41:36,794-0400 DEBUG   gsd.kube shared-qa: login-gate group discovered from identity provider 'ldap-local': cn=app-ssb-autobahnusers,ou=Groups,dc=ephico2real,dc=com
2026-10-03 12:41:36,810-0400 INFO    gsd.poller polled shared-qa: 3 CRs, 66 groups, 0 new sync event(s), 0 membership change(s)
2026-10-03 12:41:36,887-0400 DEBUG   gsd.auditlog dashboard: crc: audit.log read 20090 byte(s) from offset 54091389 — 20 line(s), 0 login event(s), 0 inside retention, 0 after the identity filter
2026-10-03 12:41:36,890-0400 DEBUG   gsd.auditlog dashboard: crc: 20 audit line(s) and no login attempt in any of them — either nobody logged in, or this oauth-server build annotates nothing
2026-10-03 12:41:36,985-0400 DEBUG   gsd.auditlog mock-selfsigned: master-0: audit.log read 0 byte(s) from offset 1559 — 0 line(s), 0 login event(s), 0 inside retention, 0 after the identity filter
2026-10-03 12:41:36,990-0400 DEBUG   gsd.kube shared-rnd: login-gate group discovered from identity provider 'ldap-local': cn=app-ssb-autobahnusers,ou=Groups,dc=ephico2real,dc=com
2026-10-03 12:41:37,006-0400 INFO    gsd.poller polled shared-rnd: 3 CRs, 66 groups, 0 new sync event(s), 0 membership change(s)
2026-10-03 12:41:37,009-0400 INFO    gsd.poller refreshed 1 operator config(s) for mock-trusted
2026-10-03 12:41:37,014-0400 DEBUG   gsd.poller mock-privateca: 7 namespace(s) recorded
2026-10-03 12:41:37,199-0400 INFO    gsd.poller refreshed 1 operator config(s) for mock-privateca
2026-10-03 12:41:37,290-0400 DEBUG   gsd.kube mock-selfsigned: no oauth-server directory on master-1
2026-10-03 12:41:37,293-0400 DEBUG   gsd.poller mock-trusted: no policy-report API group served — Kyverno is not installed
2026-10-03 12:41:37,293-0400 INFO    gsd.poller refreshed 5 bindings for mock-trusted (4 Group, 0 ServiceAccount, 1 User subjects)
2026-10-03 12:41:37,310-0400 INFO    gsd.poller mock-trusted: unmanaged-grant discovery — 1 outside the policy system, 0 resolved since the last cycle. Full detail: GET /api/clusters/mock-trusted/bindings/findings
2026-10-03 12:41:37,310-0400 WARNING gsd.poller UNMANAGED GRANT DISCOVERED — mock-trusted: RoleBinding acme-app/viewer-rb grants viewer to user lateef.o, outside the policy system (no config-source label, no exception annotation)
2026-10-03 12:41:37,310-0400 DEBUG   gsd.poller mock-trusted poll cycle took 2.91s; next binding refresh in 3598s
2026-10-03 12:41:37,311-0400 DEBUG   gsd.poller mock-privateca: no policy-report API group served — Kyverno is not installed
2026-10-03 12:41:37,311-0400 INFO    gsd.poller refreshed 5 bindings for mock-privateca (4 Group, 0 ServiceAccount, 1 User subjects)
2026-10-03 12:41:37,312-0400 INFO    gsd.poller mock-privateca: unmanaged-grant discovery — 1 outside the policy system, 0 resolved since the last cycle. Full detail: GET /api/clusters/mock-privateca/bindings/findings
2026-10-03 12:41:37,312-0400 WARNING gsd.poller UNMANAGED GRANT DISCOVERED — mock-privateca: RoleBinding acme-app/viewer-rb grants viewer to user lateef.o, outside the policy system (no config-source label, no exception annotation)
2026-10-03 12:41:37,312-0400 DEBUG   gsd.poller mock-privateca poll cycle took 2.82s; next binding refresh in 3599s
2026-10-03 12:41:37,386-0400 DEBUG   gsd.auditlog shared-qa: crc: audit.log read 20090 byte(s) from offset 54091389 — 20 line(s), 0 login event(s), 0 inside retention, 0 after the identity filter
2026-10-03 12:41:37,387-0400 DEBUG   gsd.auditlog shared-qa: crc: 20 audit line(s) and no login attempt in any of them — either nobody logged in, or this oauth-server build annotates nothing
2026-10-03 12:41:37,587-0400 DEBUG   gsd.kube fetched 5 binding subject rows from mock-selfsigned
2026-10-03 12:41:37,601-0400 DEBUG   gsd.auditlog shared-rnd: crc: audit.log read 20090 byte(s) from offset 54091389 — 20 line(s), 0 login event(s), 0 inside retention, 0 after the identity filter
2026-10-03 12:41:37,602-0400 DEBUG   gsd.auditlog shared-rnd: crc: 20 audit line(s) and no login attempt in any of them — either nobody logged in, or this oauth-server build annotates nothing
2026-10-03 12:41:37,803-0400 DEBUG   gsd.kube fetched 1 direct-user binding rows from mock-selfsigned
2026-10-03 12:41:37,807-0400 INFO    gsd.poller mock-selfsigned: 1 direct-user binding(s), 1 naming a person
2026-10-03 12:41:37,911-0400 DEBUG   gsd.kube fetched 7 namespaces from mock-selfsigned
2026-10-03 12:41:37,917-0400 DEBUG   gsd.poller mock-selfsigned: 7 namespace(s) recorded
2026-10-03 12:41:38,130-0400 DEBUG   gsd.poller shared-rnd poll cycle took 2.84s; next binding refresh in 3539s
2026-10-03 12:41:38,204-0400 DEBUG   gsd.kube fetched 973 binding subject rows from shared-qa
2026-10-03 12:41:38,294-0400 INFO    gsd.poller refreshed 1 operator config(s) for mock-selfsigned
2026-10-03 12:41:38,414-0400 DEBUG   gsd.kube fetched 973 binding subject rows from dashboard
2026-10-03 12:41:38,922-0400 DEBUG   gsd.kube fetched 35 direct-user binding rows from shared-qa
2026-10-03 12:41:39,105-0400 DEBUG   gsd.poller mock-selfsigned: no policy-report API group served — Kyverno is not installed
2026-10-03 12:41:39,106-0400 INFO    gsd.poller refreshed 5 bindings for mock-selfsigned (4 Group, 0 ServiceAccount, 1 User subjects)
2026-10-03 12:41:39,107-0400 INFO    gsd.poller mock-selfsigned: unmanaged-grant discovery — 1 outside the policy system, 0 resolved since the last cycle. Full detail: GET /api/clusters/mock-selfsigned/bindings/findings
2026-10-03 12:41:39,107-0400 WARNING gsd.poller UNMANAGED GRANT DISCOVERED — mock-selfsigned: RoleBinding acme-app/viewer-rb grants viewer to user lateef.o, outside the policy system (no config-source label, no exception annotation)
2026-10-03 12:41:39,107-0400 DEBUG   gsd.poller mock-selfsigned poll cycle took 3.82s; next binding refresh in 3598s
2026-10-03 12:41:39,115-0400 INFO    gsd.poller shared-qa: 35 direct-user binding(s), 11 naming a person
2026-10-03 12:41:39,318-0400 DEBUG   gsd.kube fetched 121 namespaces from shared-qa
2026-10-03 12:41:39,488-0400 DEBUG   gsd.poller shared-qa: 121 namespace(s) recorded
2026-10-03 12:41:39,488-0400 DEBUG   gsd.kube fetched 35 direct-user binding rows from dashboard
2026-10-03 12:41:39,498-0400 INFO    gsd.poller dashboard: 35 direct-user binding(s), 11 naming a person
2026-10-03 12:41:39,519-0400 INFO    gsd.poller refreshed 6 operator config(s) for shared-qa
2026-10-03 12:41:39,616-0400 DEBUG   gsd.kube fetched 121 namespaces from dashboard
2026-10-03 12:41:39,783-0400 DEBUG   gsd.poller dashboard: 121 namespace(s) recorded
2026-10-03 12:41:39,913-0400 INFO    gsd.poller refreshed 6 operator config(s) for dashboard
2026-10-03 12:41:39,915-0400 INFO    gsd.poller shared-qa: kyverno — 5 ValidatingPolicy/MutatingPolicy/GeneratingPolicy/DeletingPolicy/ImageValidatingPolicy policies, 12 CEL result(s) from 132 report(s), 769 legacy result(s) not shown, 0 appeared / 0 cleared
2026-10-03 12:41:39,917-0400 INFO    gsd.poller refreshed 973 bindings for shared-qa (217 Group, 721 ServiceAccount, 35 User subjects)
2026-10-03 12:41:40,394-0400 INFO    gsd.poller shared-qa: unmanaged-grant discovery — 53 outside the policy system (20 listed below, 33 held back by the per-cycle cap), 0 resolved since the last cycle. Full detail: GET /api/clusters/shared-qa/bindings/findings
2026-10-03 12:41:40,395-0400 WARNING gsd.poller UNMANAGED GRANT DISCOVERED — shared-qa: RoleBinding metallb-system/metallb-operator.v4.22.0-202609221726 grants metallb-operator.v4.22.0-202609221726 to ServiceAccount metallb-system/controller, ServiceAccount metallb-system/frr-k8s-daemon, ServiceAccount metallb-system/manager-account, ServiceAccount metallb-system/speaker, outside the policy system (no config-source label, no exception annotation)
2026-10-03 12:41:40,395-0400 WARNING gsd.poller UNMANAGED GRANT DISCOVERED — shared-qa: RoleBinding metallb-system/metallb-operator.v4.22.0-6GOVAzLvXDq19yKlzdfA6H24tvTDkozqnxoMD8 grants metallb-operator.v4.22.0-6GOVAzLvXDq19yKlzdfA6H24tvTDkozqnxoMD8 to ServiceAccount metallb-system/speaker, outside the policy system (no config-source label, no exception annotation)
2026-10-03 12:41:40,395-0400 WARNING gsd.poller UNMANAGED GRANT DISCOVERED — shared-qa: RoleBinding metallb-system/metallb-operator.v4.22.0-7p3lRyVJ7grIf3g4e540oihJcWt3cMIrd5iHLH grants metallb-operator.v4.22.0-7p3lRyVJ7grIf3g4e540oihJcWt3cMIrd5iHLH to ServiceAccount metallb-system/frr-k8s-daemon, outside the policy system (no config-source label, no exception annotation)
2026-10-03 12:41:40,396-0400 WARNING gsd.poller UNMANAGED GRANT DISCOVERED — shared-qa: RoleBinding metallb-system/metallb-operator.v4.22.0-cB9wpry7QGdH50BN9z7VsLHojMbPZyLbH8pl3t grants metallb-operator.v4.22.0-cB9wpry7QGdH50BN9z7VsLHojMbPZyLbH8pl3t to ServiceAccount metallb-system/manager-account, outside the policy system (no config-source label, no exception annotation)
2026-10-03 12:41:40,396-0400 WARNING gsd.poller UNMANAGED GRANT DISCOVERED — shared-qa: RoleBinding modernize-demo/keda-tenancy-read grants keda-tenancy-read to ServiceAccount modernize-demo/keda-metrics-reader, outside the policy system (no config-source label, no exception annotation)
2026-10-03 12:41:40,396-0400 WARNING gsd.poller UNMANAGED GRANT DISCOVERED — shared-qa: RoleBinding mongodb-poc/mongodb-kubernetes-appdb grants mongodb-kubernetes-appdb to ServiceAccount mongodb-poc/mongodb-kubernetes-appdb, outside the policy system (no config-source label, no exception annotation)
2026-10-03 12:41:40,396-0400 WARNING gsd.poller UNMANAGED GRANT DISCOVERED — shared-qa: RoleBinding mongodb-poc/mongodb-kubernetes-operator-service-cert grants mongodb-kubernetes-operator-service-cert to ServiceAccount mongodb-poc/mongodb-kubernetes-operator, outside the policy system (no config-source label, no exception annotation)
2026-10-03 12:41:40,396-0400 WARNING gsd.poller UNMANAGED GRANT DISCOVERED — shared-qa: RoleBinding mongodb-poc/mongodb-kubernetes.v1.13-aBEWZyFYfQ1uMiUyCvFoLL7N3JwOeuXRjqTmIr grants mongodb-kubernetes.v1.13-aBEWZyFYfQ1uMiUyCvFoLL7N3JwOeuXRjqTmIr to ServiceAccount mongodb-poc/mongodb-kubernetes-operator, outside the policy system (no config-source label, no exception annotation)
2026-10-03 12:41:40,397-0400 WARNING gsd.poller UNMANAGED GRANT DISCOVERED — shared-qa: RoleBinding mongodb-poc/mongodb-kubernetes.v1.13.0 grants mongodb-kubernetes.v1.13.0 to ServiceAccount mongodb-poc/mongodb-kubernetes-operator, outside the policy system (no config-source label, no exception annotation)
2026-10-03 12:41:40,397-0400 WARNING gsd.poller UNMANAGED GRANT DISCOVERED — shared-qa: RoleBinding nfs-server/nfs-server-privileged-scc grants system:openshift:scc:privileged to ServiceAccount nfs-server/nfs-server, outside the policy system (no config-source label, no exception annotation)
2026-10-03 12:41:40,397-0400 WARNING gsd.poller UNMANAGED GRANT DISCOVERED — shared-qa: RoleBinding openshift-console-user-settings/user-settings-27fcd795-b69c-4f77-87a9-88ad0c46e66a-rolebinding grants user-settings-27fcd795-b69c-4f77-87a9-88ad0c46e66a-role to user jane.smith, outside the policy system (no config-source label, no exception annotation)
2026-10-03 12:41:40,397-0400 WARNING gsd.poller UNMANAGED GRANT DISCOVERED — shared-qa: RoleBinding openshift-console-user-settings/user-settings-d46d9fe1-4afd-4a55-a736-0e40940110e5-rolebinding grants user-settings-d46d9fe1-4afd-4a55-a736-0e40940110e5-role to user developer, outside the policy system (no config-source label, no exception annotation)
2026-10-03 12:41:40,398-0400 WARNING gsd.poller UNMANAGED GRANT DISCOVERED — shared-qa: RoleBinding openshift-nmstate/nmstate-monitor grants nmstate-monitor to ServiceAccount monitoring/prometheus-k8s, outside the policy system (no config-source label, no exception annotation)
2026-10-03 12:41:40,398-0400 WARNING gsd.poller UNMANAGED GRANT DISCOVERED — shared-qa: ClusterRoleBinding cluster-monitoring-view (cluster-wide) grants cluster-monitoring-view to ServiceAccount modernize-demo/metrics-reader, outside the policy system (no config-source label, no exception annotation)
2026-10-03 12:41:40,398-0400 WARNING gsd.poller UNMANAGED GRANT DISCOVERED — shared-qa: ClusterRoleBinding cluster-reader (cluster-wide) grants cluster-reader to user dana.lee, outside the policy system (no config-source label, no exception annotation)
2026-10-03 12:41:40,398-0400 WARNING gsd.poller UNMANAGED GRANT DISCOVERED — shared-qa: ClusterRoleBinding eg-gateway-helm-certgen:envoy-gateway-system (cluster-wide) grants eg-gateway-helm-certgen:envoy-gateway-system to ServiceAccount envoy-gateway-system/eg-gateway-helm-certgen, outside the policy system (no config-source label, no exception annotation)
2026-10-03 12:41:40,398-0400 WARNING gsd.poller UNMANAGED GRANT DISCOVERED — shared-qa: ClusterRoleBinding eg-gateway-helm-envoy-gateway-rolebinding (cluster-wide) grants eg-gateway-helm-envoy-gateway-role to ServiceAccount envoy-gateway-system/envoy-gateway, outside the policy system (no config-source label, no exception annotation)
2026-10-03 12:41:40,398-0400 WARNING gsd.poller UNMANAGED GRANT DISCOVERED — shared-qa: ClusterRoleBinding ipsec-cert-sync-label-node (cluster-wide) grants ipsec-cert-sync-label-node to ServiceAccount kcs-ipsec/ipsec-cert-sync, outside the policy system (no config-source label, no exception annotation)
2026-10-03 12:41:40,398-0400 WARNING gsd.poller UNMANAGED GRANT DISCOVERED — shared-qa: ClusterRoleBinding jdoe-edit (cluster-wide) grants edit to user jdoe, outside the policy system (no config-source label, no exception annotation)
2026-10-03 12:41:40,399-0400 WARNING gsd.poller UNMANAGED GRANT DISCOVERED — shared-qa: ClusterRoleBinding metallb-operator-controller-manager-service-system:auth-delegator (cluster-wide) grants system:auth-delegator to ServiceAccount metallb-system/manager-account, outside the policy system (no config-source label, no exception annotation)
2026-10-03 12:41:40,402-0400 DEBUG   gsd.poller shared-qa poll cycle took 5.21s; next binding refresh in 3597s
2026-10-03 12:41:40,749-0400 INFO    gsd.poller dashboard: kyverno — 5 ValidatingPolicy/MutatingPolicy/GeneratingPolicy/DeletingPolicy/ImageValidatingPolicy policies, 12 CEL result(s) from 132 report(s), 769 legacy result(s) not shown, 0 appeared / 0 cleared
2026-10-03 12:41:40,751-0400 INFO    gsd.poller refreshed 973 bindings for dashboard (217 Group, 721 ServiceAccount, 35 User subjects)
2026-10-03 12:41:41,032-0400 INFO    gsd.poller dashboard: unmanaged-grant discovery — 53 outside the policy system (20 listed below, 33 held back by the per-cycle cap), 0 resolved since the last cycle. Full detail: GET /api/clusters/dashboard/bindings/findings
2026-10-03 12:41:41,083-0400 WARNING gsd.poller UNMANAGED GRANT DISCOVERED — dashboard: RoleBinding metallb-system/metallb-operator.v4.22.0-202609221726 grants metallb-operator.v4.22.0-202609221726 to ServiceAccount metallb-system/controller, ServiceAccount metallb-system/frr-k8s-daemon, ServiceAccount metallb-system/manager-account, ServiceAccount metallb-system/speaker, outside the policy system (no config-source label, no exception annotation)
2026-10-03 12:41:41,083-0400 WARNING gsd.poller UNMANAGED GRANT DISCOVERED — dashboard: RoleBinding metallb-system/metallb-operator.v4.22.0-6GOVAzLvXDq19yKlzdfA6H24tvTDkozqnxoMD8 grants metallb-operator.v4.22.0-6GOVAzLvXDq19yKlzdfA6H24tvTDkozqnxoMD8 to ServiceAccount metallb-system/speaker, outside the policy system (no config-source label, no exception annotation)
2026-10-03 12:41:41,084-0400 WARNING gsd.poller UNMANAGED GRANT DISCOVERED — dashboard: RoleBinding metallb-system/metallb-operator.v4.22.0-7p3lRyVJ7grIf3g4e540oihJcWt3cMIrd5iHLH grants metallb-operator.v4.22.0-7p3lRyVJ7grIf3g4e540oihJcWt3cMIrd5iHLH to ServiceAccount metallb-system/frr-k8s-daemon, outside the policy system (no config-source label, no exception annotation)
2026-10-03 12:41:41,084-0400 WARNING gsd.poller UNMANAGED GRANT DISCOVERED — dashboard: RoleBinding metallb-system/metallb-operator.v4.22.0-cB9wpry7QGdH50BN9z7VsLHojMbPZyLbH8pl3t grants metallb-operator.v4.22.0-cB9wpry7QGdH50BN9z7VsLHojMbPZyLbH8pl3t to ServiceAccount metallb-system/manager-account, outside the policy system (no config-source label, no exception annotation)
2026-10-03 12:41:41,085-0400 WARNING gsd.poller UNMANAGED GRANT DISCOVERED — dashboard: RoleBinding modernize-demo/keda-tenancy-read grants keda-tenancy-read to ServiceAccount modernize-demo/keda-metrics-reader, outside the policy system (no config-source label, no exception annotation)
2026-10-03 12:41:41,085-0400 WARNING gsd.poller UNMANAGED GRANT DISCOVERED — dashboard: RoleBinding mongodb-poc/mongodb-kubernetes-appdb grants mongodb-kubernetes-appdb to ServiceAccount mongodb-poc/mongodb-kubernetes-appdb, outside the policy system (no config-source label, no exception annotation)
2026-10-03 12:41:41,085-0400 WARNING gsd.poller UNMANAGED GRANT DISCOVERED — dashboard: RoleBinding mongodb-poc/mongodb-kubernetes-operator-service-cert grants mongodb-kubernetes-operator-service-cert to ServiceAccount mongodb-poc/mongodb-kubernetes-operator, outside the policy system (no config-source label, no exception annotation)
2026-10-03 12:41:41,086-0400 WARNING gsd.poller UNMANAGED GRANT DISCOVERED — dashboard: RoleBinding mongodb-poc/mongodb-kubernetes.v1.13-aBEWZyFYfQ1uMiUyCvFoLL7N3JwOeuXRjqTmIr grants mongodb-kubernetes.v1.13-aBEWZyFYfQ1uMiUyCvFoLL7N3JwOeuXRjqTmIr to ServiceAccount mongodb-poc/mongodb-kubernetes-operator, outside the policy system (no config-source label, no exception annotation)
2026-10-03 12:41:41,086-0400 WARNING gsd.poller UNMANAGED GRANT DISCOVERED — dashboard: RoleBinding mongodb-poc/mongodb-kubernetes.v1.13.0 grants mongodb-kubernetes.v1.13.0 to ServiceAccount mongodb-poc/mongodb-kubernetes-operator, outside the policy system (no config-source label, no exception annotation)
2026-10-03 12:41:41,087-0400 WARNING gsd.poller UNMANAGED GRANT DISCOVERED — dashboard: RoleBinding nfs-server/nfs-server-privileged-scc grants system:openshift:scc:privileged to ServiceAccount nfs-server/nfs-server, outside the policy system (no config-source label, no exception annotation)
2026-10-03 12:41:41,087-0400 WARNING gsd.poller UNMANAGED GRANT DISCOVERED — dashboard: RoleBinding openshift-console-user-settings/user-settings-27fcd795-b69c-4f77-87a9-88ad0c46e66a-rolebinding grants user-settings-27fcd795-b69c-4f77-87a9-88ad0c46e66a-role to user jane.smith, outside the policy system (no config-source label, no exception annotation)
2026-10-03 12:41:41,087-0400 WARNING gsd.poller UNMANAGED GRANT DISCOVERED — dashboard: RoleBinding openshift-console-user-settings/user-settings-d46d9fe1-4afd-4a55-a736-0e40940110e5-rolebinding grants user-settings-d46d9fe1-4afd-4a55-a736-0e40940110e5-role to user developer, outside the policy system (no config-source label, no exception annotation)
2026-10-03 12:41:41,087-0400 WARNING gsd.poller UNMANAGED GRANT DISCOVERED — dashboard: RoleBinding openshift-nmstate/nmstate-monitor grants nmstate-monitor to ServiceAccount monitoring/prometheus-k8s, outside the policy system (no config-source label, no exception annotation)
2026-10-03 12:41:41,087-0400 WARNING gsd.poller UNMANAGED GRANT DISCOVERED — dashboard: ClusterRoleBinding cluster-monitoring-view (cluster-wide) grants cluster-monitoring-view to ServiceAccount modernize-demo/metrics-reader, outside the policy system (no config-source label, no exception annotation)
2026-10-03 12:41:41,087-0400 WARNING gsd.poller UNMANAGED GRANT DISCOVERED — dashboard: ClusterRoleBinding cluster-reader (cluster-wide) grants cluster-reader to user dana.lee, outside the policy system (no config-source label, no exception annotation)
2026-10-03 12:41:41,088-0400 WARNING gsd.poller UNMANAGED GRANT DISCOVERED — dashboard: ClusterRoleBinding eg-gateway-helm-certgen:envoy-gateway-system (cluster-wide) grants eg-gateway-helm-certgen:envoy-gateway-system to ServiceAccount envoy-gateway-system/eg-gateway-helm-certgen, outside the policy system (no config-source label, no exception annotation)
2026-10-03 12:41:41,088-0400 WARNING gsd.poller UNMANAGED GRANT DISCOVERED — dashboard: ClusterRoleBinding eg-gateway-helm-envoy-gateway-rolebinding (cluster-wide) grants eg-gateway-helm-envoy-gateway-role to ServiceAccount envoy-gateway-system/envoy-gateway, outside the policy system (no config-source label, no exception annotation)
2026-10-03 12:41:41,088-0400 WARNING gsd.poller UNMANAGED GRANT DISCOVERED — dashboard: ClusterRoleBinding ipsec-cert-sync-label-node (cluster-wide) grants ipsec-cert-sync-label-node to ServiceAccount kcs-ipsec/ipsec-cert-sync, outside the policy system (no config-source label, no exception annotation)
2026-10-03 12:41:41,089-0400 WARNING gsd.poller UNMANAGED GRANT DISCOVERED — dashboard: ClusterRoleBinding jdoe-edit (cluster-wide) grants edit to user jdoe, outside the policy system (no config-source label, no exception annotation)
2026-10-03 12:41:41,089-0400 WARNING gsd.poller UNMANAGED GRANT DISCOVERED — dashboard: ClusterRoleBinding metallb-operator-controller-manager-service-system:auth-delegator (cluster-wide) grants system:auth-delegator to ServiceAccount metallb-system/manager-account, outside the policy system (no config-source label, no exception annotation)
2026-10-03 12:41:41,093-0400 DEBUG   gsd.poller dashboard poll cycle took 6.30s; next binding refresh in 3597s
2026-10-03 12:42:34,496-0400 DEBUG   gsd.kube fetched 5 users from mock-trusted, 4 with an identity, 5 with a display name
2026-10-03 12:42:34,498-0400 INFO    gsd.poller mock-trusted: 5 user(s) recorded, 5 with a display name, 0 with an Identity creation time
2026-10-03 12:42:34,591-0400 DEBUG   gsd.kube mock-trusted: login-gate group discovered from identity provider 'acme-ldap': cn=ocp-admins,ou=Groups,dc=acme,dc=com
2026-10-03 12:42:34,596-0400 INFO    gsd.poller polled mock-trusted: 1 CRs, 7 groups, 0 new sync event(s), 0 membership change(s)
2026-10-03 12:42:34,686-0400 DEBUG   gsd.kube fetched 5 users from mock-privateca, 4 with an identity, 5 with a display name
2026-10-03 12:42:34,709-0400 INFO    gsd.poller mock-privateca: 5 user(s) recorded, 5 with a display name, 0 with an Identity creation time
2026-10-03 12:42:34,792-0400 DEBUG   gsd.kube mock-privateca: login-gate group discovered from identity provider 'acme-ldap': cn=ocp-admins,ou=Groups,dc=acme,dc=com
2026-10-03 12:42:34,799-0400 INFO    gsd.poller polled mock-privateca: 1 CRs, 7 groups, 0 new sync event(s), 0 membership change(s)
2026-10-03 12:42:34,999-0400 DEBUG   gsd.auditlog mock-trusted: master-0: audit.log read 0 byte(s) from offset 1559 — 0 line(s), 0 login event(s), 0 inside retention, 0 after the identity filter
2026-10-03 12:42:35,099-0400 DEBUG   gsd.kube mock-trusted: no oauth-server directory on master-1
2026-10-03 12:42:35,109-0400 DEBUG   gsd.kube fetched 61 users from dashboard, 61 with an identity, 8 with a display name
2026-10-03 12:42:35,386-0400 DEBUG   gsd.auditlog mock-privateca: master-0: audit.log read 0 byte(s) from offset 1559 — 0 line(s), 0 login event(s), 0 inside retention, 0 after the identity filter
2026-10-03 12:42:35,415-0400 DEBUG   gsd.poller mock-trusted poll cycle took 1.02s; next binding refresh in 3540s
2026-10-03 12:42:35,502-0400 DEBUG   gsd.kube fetched 5 users from mock-selfsigned, 4 with an identity, 5 with a display name
2026-10-03 12:42:35,508-0400 DEBUG   gsd.kube fetched 61 users from shared-qa, 61 with an identity, 8 with a display name
2026-10-03 12:42:35,591-0400 DEBUG   gsd.kube fetched 61 users from shared-rnd, 61 with an identity, 8 with a display name
2026-10-03 12:42:35,602-0400 INFO    gsd.poller dashboard: 61 user(s) recorded, 8 with a display name, 0 with an Identity creation time
2026-10-03 12:42:35,618-0400 INFO    gsd.poller mock-selfsigned: 5 user(s) recorded, 5 with a display name, 0 with an Identity creation time
2026-10-03 12:42:35,684-0400 INFO    gsd.poller shared-qa: 61 user(s) recorded, 8 with a display name, 0 with an Identity creation time
2026-10-03 12:42:35,687-0400 DEBUG   gsd.kube mock-privateca: no oauth-server directory on master-1
2026-10-03 12:42:35,688-0400 INFO    gsd.poller shared-rnd: 61 user(s) recorded, 8 with a display name, 0 with an Identity creation time
2026-10-03 12:42:35,790-0400 DEBUG   gsd.kube mock-selfsigned: login-gate group discovered from identity provider 'acme-ldap': cn=ocp-admins,ou=Groups,dc=acme,dc=com
2026-10-03 12:42:35,797-0400 INFO    gsd.poller polled mock-selfsigned: 1 CRs, 7 groups, 0 new sync event(s), 0 membership change(s)
2026-10-03 12:42:35,992-0400 DEBUG   gsd.kube dashboard: login-gate group discovered from identity provider 'ldap-local': cn=app-ssb-autobahnusers,ou=Groups,dc=ephico2real,dc=com
2026-10-03 12:42:36,005-0400 INFO    gsd.poller polled dashboard: 3 CRs, 66 groups, 0 new sync event(s), 0 membership change(s)
2026-10-03 12:42:36,195-0400 DEBUG   gsd.kube shared-qa: login-gate group discovered from identity provider 'ldap-local': cn=app-ssb-autobahnusers,ou=Groups,dc=ephico2real,dc=com
2026-10-03 12:42:36,283-0400 DEBUG   gsd.auditlog mock-selfsigned: master-0: audit.log read 0 byte(s) from offset 1559 — 0 line(s), 0 login event(s), 0 inside retention, 0 after the identity filter
2026-10-03 12:42:36,292-0400 INFO    gsd.poller polled shared-qa: 3 CRs, 66 groups, 0 new sync event(s), 0 membership change(s)
2026-10-03 12:42:36,395-0400 DEBUG   gsd.poller mock-privateca poll cycle took 1.91s; next binding refresh in 3539s
2026-10-03 12:42:36,785-0400 DEBUG   gsd.kube shared-rnd: login-gate group discovered from identity provider 'ldap-local': cn=app-ssb-autobahnusers,ou=Groups,dc=ephico2real,dc=com
2026-10-03 12:42:36,793-0400 DEBUG   gsd.auditlog dashboard: crc: audit.log read 21174 byte(s) from offset 54111479 — 22 line(s), 0 login event(s), 0 inside retention, 0 after the identity filter
2026-10-03 12:42:36,793-0400 DEBUG   gsd.auditlog dashboard: crc: 22 audit line(s) and no login attempt in any of them — either nobody logged in, or this oauth-server build annotates nothing
2026-10-03 12:42:36,805-0400 INFO    gsd.poller polled shared-rnd: 3 CRs, 66 groups, 0 new sync event(s), 0 membership change(s)
2026-10-03 12:42:36,897-0400 DEBUG   gsd.kube mock-selfsigned: no oauth-server directory on master-1
2026-10-03 12:42:36,901-0400 DEBUG   gsd.auditlog shared-qa: crc: audit.log read 21174 byte(s) from offset 54111479 — 22 line(s), 0 login event(s), 0 inside retention, 0 after the identity filter
2026-10-03 12:42:36,901-0400 DEBUG   gsd.auditlog shared-qa: crc: 22 audit line(s) and no login attempt in any of them — either nobody logged in, or this oauth-server build annotates nothing
2026-10-03 12:42:37,090-0400 DEBUG   gsd.poller mock-selfsigned poll cycle took 1.80s; next binding refresh in 3540s
2026-10-03 12:42:37,197-0400 DEBUG   gsd.poller dashboard poll cycle took 2.40s; next binding refresh in 3540s
2026-10-03 12:42:37,212-0400 DEBUG   gsd.auditlog shared-rnd: crc: audit.log read 21174 byte(s) from offset 54111479 — 22 line(s), 0 login event(s), 0 inside retention, 0 after the identity filter
2026-10-03 12:42:37,212-0400 DEBUG   gsd.auditlog shared-rnd: crc: 22 audit line(s) and no login attempt in any of them — either nobody logged in, or this oauth-server build annotates nothing
2026-10-03 12:42:37,596-0400 DEBUG   gsd.store report snapshot written to /data/report/gsd-20261003T164236.998626Z.db (2 kept)
2026-10-03 12:42:37,606-0400 DEBUG   gsd.poller shared-qa poll cycle took 2.42s; next binding refresh in 3540s
2026-10-03 12:42:37,615-0400 DEBUG   gsd.poller shared-rnd poll cycle took 2.32s; next binding refresh in 3480s
2026-10-03 12:43:34,493-0400 DEBUG   gsd.kube fetched 5 users from mock-trusted, 4 with an identity, 5 with a display name
2026-10-03 12:43:34,512-0400 INFO    gsd.poller mock-trusted: 5 user(s) recorded, 5 with a display name, 0 with an Identity creation time
2026-10-03 12:43:34,609-0400 DEBUG   gsd.kube mock-trusted: login-gate group discovered from identity provider 'acme-ldap': cn=ocp-admins,ou=Groups,dc=acme,dc=com
2026-10-03 12:43:34,612-0400 INFO    gsd.poller polled mock-trusted: 1 CRs, 7 groups, 0 new sync event(s), 0 membership change(s)
2026-10-03 12:43:34,684-0400 DEBUG   gsd.kube fetched 5 users from mock-privateca, 4 with an identity, 5 with a display name
2026-10-03 12:43:34,689-0400 INFO    gsd.poller mock-privateca: 5 user(s) recorded, 5 with a display name, 0 with an Identity creation time
2026-10-03 12:43:34,791-0400 DEBUG   gsd.kube mock-privateca: login-gate group discovered from identity provider 'acme-ldap': cn=ocp-admins,ou=Groups,dc=acme,dc=com
2026-10-03 12:43:34,794-0400 INFO    gsd.poller polled mock-privateca: 1 CRs, 7 groups, 0 new sync event(s), 0 membership change(s)
2026-10-03 12:43:34,997-0400 DEBUG   gsd.auditlog mock-trusted: master-0: audit.log read 0 byte(s) from offset 1559 — 0 line(s), 0 login event(s), 0 inside retention, 0 after the identity filter
2026-10-03 12:43:35,093-0400 DEBUG   gsd.kube mock-trusted: no oauth-server directory on master-1
2026-10-03 12:43:35,194-0400 DEBUG   gsd.kube fetched 61 users from dashboard, 61 with an identity, 8 with a display name
2026-10-03 12:43:35,405-0400 DEBUG   gsd.auditlog mock-privateca: master-0: audit.log read 0 byte(s) from offset 1559 — 0 line(s), 0 login event(s), 0 inside retention, 0 after the identity filter
2026-10-03 12:43:35,584-0400 DEBUG   gsd.kube fetched 61 users from shared-qa, 61 with an identity, 8 with a display name
2026-10-03 12:43:35,597-0400 DEBUG   gsd.kube fetched 5 users from mock-selfsigned, 4 with an identity, 5 with a display name
2026-10-03 12:43:35,685-0400 INFO    gsd.poller dashboard: 61 user(s) recorded, 8 with a display name, 0 with an Identity creation time
2026-10-03 12:43:35,695-0400 INFO    gsd.poller shared-qa: 61 user(s) recorded, 8 with a display name, 0 with an Identity creation time
2026-10-03 12:43:35,698-0400 INFO    gsd.poller mock-selfsigned: 5 user(s) recorded, 5 with a display name, 0 with an Identity creation time
2026-10-03 12:43:35,705-0400 DEBUG   gsd.kube fetched 61 users from shared-rnd, 61 with an identity, 8 with a display name
2026-10-03 12:43:35,706-0400 DEBUG   gsd.poller mock-trusted poll cycle took 1.31s; next binding refresh in 3480s
2026-10-03 12:43:35,715-0400 DEBUG   gsd.kube mock-privateca: no oauth-server directory on master-1
2026-10-03 12:43:35,806-0400 DEBUG   gsd.kube mock-selfsigned: login-gate group discovered from identity provider 'acme-ldap': cn=ocp-admins,ou=Groups,dc=acme,dc=com
2026-10-03 12:43:35,808-0400 INFO    gsd.poller polled mock-selfsigned: 1 CRs, 7 groups, 0 new sync event(s), 0 membership change(s)
2026-10-03 12:43:35,810-0400 INFO    gsd.poller shared-rnd: 61 user(s) recorded, 8 with a display name, 0 with an Identity creation time
2026-10-03 12:43:35,994-0400 DEBUG   gsd.kube dashboard: login-gate group discovered from identity provider 'ldap-local': cn=app-ssb-autobahnusers,ou=Groups,dc=ephico2real,dc=com
2026-10-03 12:43:36,185-0400 INFO    gsd.poller polled dashboard: 3 CRs, 66 groups, 0 new sync event(s), 0 membership change(s)
2026-10-03 12:43:36,283-0400 DEBUG   gsd.auditlog mock-selfsigned: master-0: audit.log read 0 byte(s) from offset 1559 — 0 line(s), 0 login event(s), 0 inside retention, 0 after the identity filter
2026-10-03 12:43:36,404-0400 DEBUG   gsd.kube shared-qa: login-gate group discovered from identity provider 'ldap-local': cn=app-ssb-autobahnusers,ou=Groups,dc=ephico2real,dc=com
2026-10-03 12:43:36,488-0400 INFO    gsd.poller polled shared-qa: 3 CRs, 66 groups, 0 new sync event(s), 0 membership change(s)
2026-10-03 12:43:36,691-0400 DEBUG   gsd.kube mock-selfsigned: no oauth-server directory on master-1
2026-10-03 12:43:36,698-0400 DEBUG   gsd.kube shared-rnd: login-gate group discovered from identity provider 'ldap-local': cn=app-ssb-autobahnusers,ou=Groups,dc=ephico2real,dc=com
2026-10-03 12:43:36,794-0400 DEBUG   gsd.poller mock-privateca poll cycle took 2.30s; next binding refresh in 3479s
2026-10-03 12:43:36,808-0400 DEBUG   gsd.auditlog dashboard: crc: audit.log read 16072 byte(s) from offset 54132653 — 16 line(s), 0 login event(s), 0 inside retention, 0 after the identity filter
2026-10-03 12:43:36,808-0400 DEBUG   gsd.auditlog dashboard: crc: 16 audit line(s) and no login attempt in any of them — either nobody logged in, or this oauth-server build annotates nothing
2026-10-03 12:43:36,886-0400 INFO    gsd.poller polled shared-rnd: 3 CRs, 66 groups, 0 new sync event(s), 0 membership change(s)
2026-10-03 12:43:36,986-0400 DEBUG   gsd.poller mock-selfsigned poll cycle took 1.69s; next binding refresh in 3480s
2026-10-03 12:43:37,009-0400 DEBUG   gsd.auditlog shared-qa: crc: audit.log read 16072 byte(s) from offset 54132653 — 16 line(s), 0 login event(s), 0 inside retention, 0 after the identity filter
2026-10-03 12:43:37,009-0400 DEBUG   gsd.auditlog shared-qa: crc: 16 audit line(s) and no login attempt in any of them — either nobody logged in, or this oauth-server build annotates nothing
2026-10-03 12:43:37,106-0400 DEBUG   gsd.poller shared-qa poll cycle took 1.91s; next binding refresh in 3480s
2026-10-03 12:43:37,187-0400 DEBUG   gsd.poller dashboard poll cycle took 2.39s; next binding refresh in 3480s
2026-10-03 12:43:37,218-0400 DEBUG   gsd.auditlog shared-rnd: crc: audit.log read 16072 byte(s) from offset 54132653 — 16 line(s), 0 login event(s), 0 inside retention, 0 after the identity filter
2026-10-03 12:43:37,218-0400 DEBUG   gsd.auditlog shared-rnd: crc: 16 audit line(s) and no login attempt in any of them — either nobody logged in, or this oauth-server build annotates nothing
2026-10-03 12:43:37,233-0400 DEBUG   gsd.poller shared-rnd poll cycle took 1.93s; next binding refresh in 3420s
2026-10-03 12:44:34,510-0400 DEBUG   gsd.kube fetched 5 users from mock-trusted, 4 with an identity, 5 with a display name
2026-10-03 12:44:34,584-0400 INFO    gsd.poller mock-trusted: 5 user(s) recorded, 5 with a display name, 0 with an Identity creation time
2026-10-03 12:44:34,601-0400 DEBUG   gsd.kube mock-trusted: login-gate group discovered from identity provider 'acme-ldap': cn=ocp-admins,ou=Groups,dc=acme,dc=com
2026-10-03 12:44:34,690-0400 INFO    gsd.poller polled mock-trusted: 1 CRs, 7 groups, 0 new sync event(s), 0 membership change(s)
2026-10-03 12:44:34,709-0400 DEBUG   gsd.kube fetched 5 users from mock-privateca, 4 with an identity, 5 with a display name
2026-10-03 12:44:34,787-0400 INFO    gsd.poller mock-privateca: 5 user(s) recorded, 5 with a display name, 0 with an Identity creation time
2026-10-03 12:44:34,893-0400 DEBUG   gsd.kube mock-privateca: login-gate group discovered from identity provider 'acme-ldap': cn=ocp-admins,ou=Groups,dc=acme,dc=com
2026-10-03 12:44:34,988-0400 INFO    gsd.poller polled mock-privateca: 1 CRs, 7 groups, 0 new sync event(s), 0 membership change(s)
2026-10-03 12:44:35,004-0400 DEBUG   gsd.auditlog mock-trusted: master-0: audit.log read 0 byte(s) from offset 1559 — 0 line(s), 0 login event(s), 0 inside retention, 0 after the identity filter
2026-10-03 12:44:35,094-0400 DEBUG   gsd.kube mock-trusted: no oauth-server directory on master-1
2026-10-03 12:44:35,101-0400 DEBUG   gsd.kube fetched 61 users from dashboard, 61 with an identity, 8 with a display name
2026-10-03 12:44:35,191-0400 INFO    gsd.poller dashboard: 61 user(s) recorded, 8 with a display name, 0 with an Identity creation time
2026-10-03 12:44:35,401-0400 DEBUG   gsd.poller mock-trusted poll cycle took 1.00s; next binding refresh in 3420s
2026-10-03 12:44:35,495-0400 DEBUG   gsd.kube dashboard: login-gate group discovered from identity provider 'ldap-local': cn=app-ssb-autobahnusers,ou=Groups,dc=ephico2real,dc=com
2026-10-03 12:44:35,686-0400 DEBUG   gsd.kube fetched 5 users from mock-selfsigned, 4 with an identity, 5 with a display name
2026-10-03 12:44:35,689-0400 DEBUG   gsd.auditlog mock-privateca: master-0: audit.log read 0 byte(s) from offset 1559 — 0 line(s), 0 login event(s), 0 inside retention, 0 after the identity filter
2026-10-03 12:44:35,698-0400 DEBUG   gsd.kube fetched 61 users from shared-qa, 61 with an identity, 8 with a display name
2026-10-03 12:44:35,706-0400 DEBUG   gsd.kube fetched 61 users from shared-rnd, 61 with an identity, 8 with a display name
2026-10-03 12:44:35,788-0400 INFO    gsd.poller polled dashboard: 3 CRs, 66 groups, 0 new sync event(s), 0 membership change(s)
2026-10-03 12:44:35,805-0400 INFO    gsd.poller mock-selfsigned: 5 user(s) recorded, 5 with a display name, 0 with an Identity creation time
2026-10-03 12:44:35,806-0400 INFO    gsd.poller shared-qa: 61 user(s) recorded, 8 with a display name, 0 with an Identity creation time
2026-10-03 12:44:35,806-0400 INFO    gsd.poller shared-rnd: 61 user(s) recorded, 8 with a display name, 0 with an Identity creation time
2026-10-03 12:44:35,898-0400 DEBUG   gsd.kube mock-selfsigned: login-gate group discovered from identity provider 'acme-ldap': cn=ocp-admins,ou=Groups,dc=acme,dc=com
2026-10-03 12:44:35,901-0400 DEBUG   gsd.kube mock-privateca: no oauth-server directory on master-1
2026-10-03 12:44:35,903-0400 INFO    gsd.poller polled mock-selfsigned: 1 CRs, 7 groups, 0 new sync event(s), 0 membership change(s)
2026-10-03 12:44:36,103-0400 DEBUG   gsd.kube shared-qa: login-gate group discovered from identity provider 'ldap-local': cn=app-ssb-autobahnusers,ou=Groups,dc=ephico2real,dc=com
2026-10-03 12:44:36,316-0400 INFO    gsd.poller polled shared-qa: 3 CRs, 66 groups, 0 new sync event(s), 0 membership change(s)
2026-10-03 12:44:36,398-0400 DEBUG   gsd.auditlog dashboard: crc: audit.log read 14022 byte(s) from offset 54148725 — 14 line(s), 0 login event(s), 0 inside retention, 0 after the identity filter
2026-10-03 12:44:36,399-0400 DEBUG   gsd.auditlog dashboard: crc: 14 audit line(s) and no login attempt in any of them — either nobody logged in, or this oauth-server build annotates nothing
2026-10-03 12:44:36,490-0400 DEBUG   gsd.kube shared-rnd: login-gate group discovered from identity provider 'ldap-local': cn=app-ssb-autobahnusers,ou=Groups,dc=ephico2real,dc=com
2026-10-03 12:44:36,494-0400 DEBUG   gsd.auditlog mock-selfsigned: master-0: audit.log read 0 byte(s) from offset 1559 — 0 line(s), 0 login event(s), 0 inside retention, 0 after the identity filter
2026-10-03 12:44:36,689-0400 INFO    gsd.poller polled shared-rnd: 3 CRs, 66 groups, 0 new sync event(s), 0 membership change(s)
2026-10-03 12:44:36,793-0400 DEBUG   gsd.kube mock-selfsigned: no oauth-server directory on master-1
2026-10-03 12:44:36,886-0400 DEBUG   gsd.poller mock-privateca poll cycle took 2.40s; next binding refresh in 3419s
2026-10-03 12:44:36,896-0400 DEBUG   gsd.auditlog shared-qa: crc: audit.log read 14022 byte(s) from offset 54148725 — 14 line(s), 0 login event(s), 0 inside retention, 0 after the identity filter
2026-10-03 12:44:36,896-0400 DEBUG   gsd.auditlog shared-qa: crc: 14 audit line(s) and no login attempt in any of them — either nobody logged in, or this oauth-server build annotates nothing
2026-10-03 12:44:37,002-0400 DEBUG   gsd.poller mock-selfsigned poll cycle took 1.71s; next binding refresh in 3420s
2026-10-03 12:44:37,025-0400 DEBUG   gsd.poller dashboard poll cycle took 2.23s; next binding refresh in 3421s
2026-10-03 12:44:37,087-0400 DEBUG   gsd.poller shared-qa poll cycle took 1.89s; next binding refresh in 3420s
2026-10-03 12:44:37,106-0400 DEBUG   gsd.auditlog shared-rnd: crc: audit.log read 14022 byte(s) from offset 54148725 — 14 line(s), 0 login event(s), 0 inside retention, 0 after the identity filter
2026-10-03 12:44:37,106-0400 DEBUG   gsd.auditlog shared-rnd: crc: 14 audit line(s) and no login attempt in any of them — either nobody logged in, or this oauth-server build annotates nothing
2026-10-03 12:44:37,120-0400 DEBUG   gsd.poller shared-rnd poll cycle took 1.82s; next binding refresh in 3360s
2026-10-03 12:45:34,497-0400 DEBUG   gsd.kube fetched 5 users from mock-trusted, 4 with an identity, 5 with a display name
2026-10-03 12:45:34,500-0400 INFO    gsd.poller mock-trusted: 5 user(s) recorded, 5 with a display name, 0 with an Identity creation time
2026-10-03 12:45:34,594-0400 DEBUG   gsd.kube mock-trusted: login-gate group discovered from identity provider 'acme-ldap': cn=ocp-admins,ou=Groups,dc=acme,dc=com
2026-10-03 12:45:34,614-0400 INFO    gsd.poller polled mock-trusted: 1 CRs, 7 groups, 0 new sync event(s), 0 membership change(s)
2026-10-03 12:45:34,691-0400 DEBUG   gsd.kube fetched 5 users from mock-privateca, 4 with an identity, 5 with a display name
2026-10-03 12:45:34,697-0400 INFO    gsd.poller mock-privateca: 5 user(s) recorded, 5 with a display name, 0 with an Identity creation time
2026-10-03 12:45:34,799-0400 DEBUG   gsd.kube mock-privateca: login-gate group discovered from identity provider 'acme-ldap': cn=ocp-admins,ou=Groups,dc=acme,dc=com
2026-10-03 12:45:34,804-0400 INFO    gsd.poller polled mock-privateca: 1 CRs, 7 groups, 0 new sync event(s), 0 membership change(s)
2026-10-03 12:45:35,083-0400 DEBUG   gsd.auditlog mock-trusted: master-0: audit.log read 0 byte(s) from offset 1559 — 0 line(s), 0 login event(s), 0 inside retention, 0 after the identity filter
2026-10-03 12:45:35,099-0400 DEBUG   gsd.kube mock-trusted: no oauth-server directory on master-1
2026-10-03 12:45:35,189-0400 DEBUG   gsd.kube fetched 61 users from dashboard, 61 with an identity, 8 with a display name
2026-10-03 12:45:35,486-0400 DEBUG   gsd.auditlog mock-privateca: master-0: audit.log read 0 byte(s) from offset 1559 — 0 line(s), 0 login event(s), 0 inside retention, 0 after the identity filter
2026-10-03 12:45:35,584-0400 INFO    gsd.poller dashboard: 61 user(s) recorded, 8 with a display name, 0 with an Identity creation time
2026-10-03 12:45:35,598-0400 DEBUG   gsd.poller mock-trusted poll cycle took 1.20s; next binding refresh in 3360s
2026-10-03 12:45:35,690-0400 DEBUG   gsd.kube fetched 61 users from shared-qa, 61 with an identity, 8 with a display name
2026-10-03 12:45:35,691-0400 DEBUG   gsd.kube fetched 5 users from mock-selfsigned, 4 with an identity, 5 with a display name
2026-10-03 12:45:35,699-0400 DEBUG   gsd.kube fetched 61 users from shared-rnd, 61 with an identity, 8 with a display name
2026-10-03 12:45:35,703-0400 DEBUG   gsd.kube mock-privateca: no oauth-server directory on master-1
2026-10-03 12:45:35,793-0400 DEBUG   gsd.kube dashboard: login-gate group discovered from identity provider 'ldap-local': cn=app-ssb-autobahnusers,ou=Groups,dc=ephico2real,dc=com
2026-10-03 12:45:35,802-0400 INFO    gsd.poller polled dashboard: 3 CRs, 66 groups, 0 new sync event(s), 0 membership change(s)
2026-10-03 12:45:35,903-0400 INFO    gsd.poller shared-qa: 61 user(s) recorded, 8 with a display name, 0 with an Identity creation time
2026-10-03 12:45:35,903-0400 INFO    gsd.poller mock-selfsigned: 5 user(s) recorded, 5 with a display name, 0 with an Identity creation time
2026-10-03 12:45:35,904-0400 INFO    gsd.poller shared-rnd: 61 user(s) recorded, 8 with a display name, 0 with an Identity creation time
2026-10-03 12:45:36,097-0400 DEBUG   gsd.kube mock-selfsigned: login-gate group discovered from identity provider 'acme-ldap': cn=ocp-admins,ou=Groups,dc=acme,dc=com
2026-10-03 12:45:36,100-0400 INFO    gsd.poller polled mock-selfsigned: 1 CRs, 7 groups, 0 new sync event(s), 0 membership change(s)
2026-10-03 12:45:36,386-0400 DEBUG   gsd.poller mock-privateca poll cycle took 1.90s; next binding refresh in 3359s
2026-10-03 12:45:36,401-0400 DEBUG   gsd.kube shared-qa: login-gate group discovered from identity provider 'ldap-local': cn=app-ssb-autobahnusers,ou=Groups,dc=ephico2real,dc=com
2026-10-03 12:45:36,412-0400 INFO    gsd.poller polled shared-qa: 3 CRs, 66 groups, 0 new sync event(s), 0 membership change(s)
2026-10-03 12:45:36,495-0400 DEBUG   gsd.auditlog dashboard: crc: audit.log read 16072 byte(s) from offset 54162747 — 16 line(s), 0 login event(s), 0 inside retention, 0 after the identity filter
2026-10-03 12:45:36,495-0400 DEBUG   gsd.auditlog dashboard: crc: 16 audit line(s) and no login attempt in any of them — either nobody logged in, or this oauth-server build annotates nothing
2026-10-03 12:45:36,590-0400 DEBUG   gsd.auditlog mock-selfsigned: master-0: audit.log read 0 byte(s) from offset 1559 — 0 line(s), 0 login event(s), 0 inside retention, 0 after the identity filter
2026-10-03 12:45:36,688-0400 DEBUG   gsd.kube shared-rnd: login-gate group discovered from identity provider 'ldap-local': cn=app-ssb-autobahnusers,ou=Groups,dc=ephico2real,dc=com
2026-10-03 12:45:36,708-0400 INFO    gsd.poller polled shared-rnd: 3 CRs, 66 groups, 0 new sync event(s), 0 membership change(s)
2026-10-03 12:45:36,803-0400 DEBUG   gsd.kube mock-selfsigned: no oauth-server directory on master-1
2026-10-03 12:45:36,985-0400 DEBUG   gsd.auditlog shared-qa: crc: audit.log read 16072 byte(s) from offset 54162747 — 16 line(s), 0 login event(s), 0 inside retention, 0 after the identity filter
2026-10-03 12:45:36,985-0400 DEBUG   gsd.auditlog shared-qa: crc: 16 audit line(s) and no login attempt in any of them — either nobody logged in, or this oauth-server build annotates nothing
2026-10-03 12:45:37,002-0400 DEBUG   gsd.poller mock-selfsigned poll cycle took 1.71s; next binding refresh in 3360s
2026-10-03 12:45:37,090-0400 DEBUG   gsd.poller shared-qa poll cycle took 1.88s; next binding refresh in 3360s
2026-10-03 12:45:37,100-0400 DEBUG   gsd.poller dashboard poll cycle took 2.30s; next binding refresh in 3361s
2026-10-03 12:45:37,120-0400 DEBUG   gsd.auditlog shared-rnd: crc: audit.log read 16072 byte(s) from offset 54162747 — 16 line(s), 0 login event(s), 0 inside retention, 0 after the identity filter
2026-10-03 12:45:37,121-0400 DEBUG   gsd.auditlog shared-rnd: crc: 16 audit line(s) and no login attempt in any of them — either nobody logged in, or this oauth-server build annotates nothing
2026-10-03 12:45:37,135-0400 DEBUG   gsd.poller shared-rnd poll cycle took 1.83s; next binding refresh in 3300s
2026-10-03 12:46:34,506-0400 DEBUG   gsd.kube fetched 5 users from mock-trusted, 4 with an identity, 5 with a display name
2026-10-03 12:46:34,509-0400 INFO    gsd.poller mock-trusted: 5 user(s) recorded, 5 with a display name, 0 with an Identity creation time
2026-10-03 12:46:34,687-0400 DEBUG   gsd.kube fetched 5 users from mock-privateca, 4 with an identity, 5 with a display name
2026-10-03 12:46:34,688-0400 DEBUG   gsd.kube mock-trusted: login-gate group discovered from identity provider 'acme-ldap': cn=ocp-admins,ou=Groups,dc=acme,dc=com
2026-10-03 12:46:34,691-0400 INFO    gsd.poller polled mock-trusted: 1 CRs, 7 groups, 0 new sync event(s), 0 membership change(s)
2026-10-03 12:46:34,694-0400 INFO    gsd.poller mock-privateca: 5 user(s) recorded, 5 with a display name, 0 with an Identity creation time
2026-10-03 12:46:34,787-0400 DEBUG   gsd.kube mock-privateca: login-gate group discovered from identity provider 'acme-ldap': cn=ocp-admins,ou=Groups,dc=acme,dc=com
2026-10-03 12:46:34,790-0400 INFO    gsd.poller polled mock-privateca: 1 CRs, 7 groups, 0 new sync event(s), 0 membership change(s)
2026-10-03 12:46:35,000-0400 DEBUG   gsd.auditlog mock-trusted: master-0: audit.log read 0 byte(s) from offset 1559 — 0 line(s), 0 login event(s), 0 inside retention, 0 after the identity filter
2026-10-03 12:46:35,189-0400 DEBUG   gsd.kube mock-trusted: no oauth-server directory on master-1
2026-10-03 12:46:35,305-0400 DEBUG   gsd.auditlog mock-privateca: master-0: audit.log read 0 byte(s) from offset 1559 — 0 line(s), 0 login event(s), 0 inside retention, 0 after the identity filter
2026-10-03 12:46:35,387-0400 DEBUG   gsd.kube fetched 61 users from dashboard, 61 with an identity, 8 with a display name
2026-10-03 12:46:35,584-0400 DEBUG   gsd.kube fetched 61 users from shared-qa, 61 with an identity, 8 with a display name
2026-10-03 12:46:35,610-0400 DEBUG   gsd.kube fetched 5 users from mock-selfsigned, 4 with an identity, 5 with a display name
2026-10-03 12:46:35,700-0400 INFO    gsd.poller dashboard: 61 user(s) recorded, 8 with a display name, 0 with an Identity creation time
2026-10-03 12:46:35,784-0400 DEBUG   gsd.kube mock-privateca: no oauth-server directory on master-1
2026-10-03 12:46:35,786-0400 INFO    gsd.poller shared-qa: 61 user(s) recorded, 8 with a display name, 0 with an Identity creation time
2026-10-03 12:46:35,792-0400 DEBUG   gsd.kube fetched 61 users from shared-rnd, 61 with an identity, 8 with a display name
2026-10-03 12:46:35,793-0400 INFO    gsd.poller mock-selfsigned: 5 user(s) recorded, 5 with a display name, 0 with an Identity creation time
2026-10-03 12:46:35,802-0400 DEBUG   gsd.poller mock-trusted poll cycle took 1.40s; next binding refresh in 3300s
2026-10-03 12:46:35,807-0400 INFO    gsd.poller shared-rnd: 61 user(s) recorded, 8 with a display name, 0 with an Identity creation time
2026-10-03 12:46:35,894-0400 DEBUG   gsd.kube mock-selfsigned: login-gate group discovered from identity provider 'acme-ldap': cn=ocp-admins,ou=Groups,dc=acme,dc=com
2026-10-03 12:46:35,897-0400 INFO    gsd.poller polled mock-selfsigned: 1 CRs, 7 groups, 0 new sync event(s), 0 membership change(s)
2026-10-03 12:46:36,084-0400 DEBUG   gsd.kube dashboard: login-gate group discovered from identity provider 'ldap-local': cn=app-ssb-autobahnusers,ou=Groups,dc=ephico2real,dc=com
2026-10-03 12:46:36,206-0400 INFO    gsd.poller polled dashboard: 3 CRs, 66 groups, 0 new sync event(s), 0 membership change(s)
2026-10-03 12:46:36,211-0400 DEBUG   gsd.auditlog mock-selfsigned: master-0: audit.log read 0 byte(s) from offset 1559 — 0 line(s), 0 login event(s), 0 inside retention, 0 after the identity filter
2026-10-03 12:46:36,301-0400 DEBUG   gsd.kube shared-qa: login-gate group discovered from identity provider 'ldap-local': cn=app-ssb-autobahnusers,ou=Groups,dc=ephico2real,dc=com
2026-10-03 12:46:36,406-0400 DEBUG   gsd.poller mock-privateca poll cycle took 1.91s; next binding refresh in 3299s
2026-10-03 12:46:36,496-0400 INFO    gsd.poller polled shared-qa: 3 CRs, 66 groups, 0 new sync event(s), 0 membership change(s)
2026-10-03 12:46:36,589-0400 DEBUG   gsd.kube mock-selfsigned: no oauth-server directory on master-1
2026-10-03 12:46:36,605-0400 DEBUG   gsd.kube shared-rnd: login-gate group discovered from identity provider 'ldap-local': cn=app-ssb-autobahnusers,ou=Groups,dc=ephico2real,dc=com
2026-10-03 12:46:36,704-0400 INFO    gsd.poller polled shared-rnd: 3 CRs, 66 groups, 0 new sync event(s), 0 membership change(s)
2026-10-03 12:46:36,802-0400 DEBUG   gsd.auditlog dashboard: crc: audit.log read 20008 byte(s) from offset 54178819 — 20 line(s), 0 login event(s), 0 inside retention, 0 after the identity filter
2026-10-03 12:46:36,802-0400 DEBUG   gsd.auditlog dashboard: crc: 20 audit line(s) and no login attempt in any of them — either nobody logged in, or this oauth-server build annotates nothing
2026-10-03 12:46:36,906-0400 DEBUG   gsd.poller mock-selfsigned poll cycle took 1.61s; next binding refresh in 3301s
2026-10-03 12:46:36,911-0400 DEBUG   gsd.auditlog shared-qa: crc: audit.log read 20008 byte(s) from offset 54178819 — 20 line(s), 0 login event(s), 0 inside retention, 0 after the identity filter
2026-10-03 12:46:36,911-0400 DEBUG   gsd.auditlog shared-qa: crc: 20 audit line(s) and no login attempt in any of them — either nobody logged in, or this oauth-server build annotates nothing
2026-10-03 12:46:37,089-0400 DEBUG   gsd.poller shared-qa poll cycle took 1.88s; next binding refresh in 3300s
2026-10-03 12:46:37,111-0400 DEBUG   gsd.auditlog shared-rnd: crc: audit.log read 20008 byte(s) from offset 54178819 — 20 line(s), 0 login event(s), 0 inside retention, 0 after the identity filter
2026-10-03 12:46:37,112-0400 DEBUG   gsd.auditlog shared-rnd: crc: 20 audit line(s) and no login attempt in any of them — either nobody logged in, or this oauth-server build annotates nothing
2026-10-03 12:46:37,114-0400 DEBUG   gsd.poller dashboard poll cycle took 2.32s; next binding refresh in 3300s
2026-10-03 12:46:37,127-0400 DEBUG   gsd.poller shared-rnd poll cycle took 1.82s; next binding refresh in 3240s
2026-10-03 12:47:34,515-0400 DEBUG   gsd.kube fetched 5 users from mock-trusted, 4 with an identity, 5 with a display name
2026-10-03 12:47:34,585-0400 INFO    gsd.poller mock-trusted: 5 user(s) recorded, 5 with a display name, 0 with an Identity creation time
2026-10-03 12:47:34,683-0400 DEBUG   gsd.kube mock-trusted: login-gate group discovered from identity provider 'acme-ldap': cn=ocp-admins,ou=Groups,dc=acme,dc=com
2026-10-03 12:47:34,688-0400 INFO    gsd.poller polled mock-trusted: 1 CRs, 7 groups, 0 new sync event(s), 0 membership change(s)
2026-10-03 12:47:34,696-0400 DEBUG   gsd.kube fetched 5 users from mock-privateca, 4 with an identity, 5 with a display name
2026-10-03 12:47:34,699-0400 INFO    gsd.poller mock-privateca: 5 user(s) recorded, 5 with a display name, 0 with an Identity creation time
2026-10-03 12:47:34,801-0400 DEBUG   gsd.kube mock-privateca: login-gate group discovered from identity provider 'acme-ldap': cn=ocp-admins,ou=Groups,dc=acme,dc=com
2026-10-03 12:47:34,883-0400 INFO    gsd.poller polled mock-privateca: 1 CRs, 7 groups, 0 new sync event(s), 0 membership change(s)
2026-10-03 12:47:34,983-0400 DEBUG   gsd.auditlog mock-trusted: master-0: audit.log read 0 byte(s) from offset 1559 — 0 line(s), 0 login event(s), 0 inside retention, 0 after the identity filter
2026-10-03 12:47:35,089-0400 DEBUG   gsd.kube mock-trusted: no oauth-server directory on master-1
2026-10-03 12:47:35,185-0400 DEBUG   gsd.kube fetched 61 users from dashboard, 61 with an identity, 8 with a display name
2026-10-03 12:47:35,286-0400 INFO    gsd.poller dashboard: 61 user(s) recorded, 8 with a display name, 0 with an Identity creation time
2026-10-03 12:47:35,318-0400 DEBUG   gsd.auditlog mock-privateca: master-0: audit.log read 0 byte(s) from offset 1559 — 0 line(s), 0 login event(s), 0 inside retention, 0 after the identity filter
2026-10-03 12:47:35,384-0400 DEBUG   gsd.poller mock-trusted poll cycle took 0.99s; next binding refresh in 3240s
2026-10-03 12:47:35,609-0400 DEBUG   gsd.kube fetched 5 users from mock-selfsigned, 4 with an identity, 5 with a display name
2026-10-03 12:47:35,693-0400 DEBUG   gsd.kube fetched 61 users from shared-qa, 61 with an identity, 8 with a display name
2026-10-03 12:47:35,704-0400 DEBUG   gsd.kube fetched 61 users from shared-rnd, 61 with an identity, 8 with a display name
2026-10-03 12:47:35,788-0400 DEBUG   gsd.kube dashboard: login-gate group discovered from identity provider 'ldap-local': cn=app-ssb-autobahnusers,ou=Groups,dc=ephico2real,dc=com
2026-10-03 12:47:35,797-0400 INFO    gsd.poller polled dashboard: 3 CRs, 66 groups, 0 new sync event(s), 0 membership change(s)
2026-10-03 12:47:35,890-0400 INFO    gsd.poller mock-selfsigned: 5 user(s) recorded, 5 with a display name, 0 with an Identity creation time
2026-10-03 12:47:35,890-0400 INFO    gsd.poller shared-qa: 61 user(s) recorded, 8 with a display name, 0 with an Identity creation time
2026-10-03 12:47:35,891-0400 INFO    gsd.poller shared-rnd: 61 user(s) recorded, 8 with a display name, 0 with an Identity creation time
2026-10-03 12:47:35,985-0400 DEBUG   gsd.kube mock-privateca: no oauth-server directory on master-1
2026-10-03 12:47:35,995-0400 DEBUG   gsd.kube mock-selfsigned: login-gate group discovered from identity provider 'acme-ldap': cn=ocp-admins,ou=Groups,dc=acme,dc=com
2026-10-03 12:47:35,998-0400 INFO    gsd.poller polled mock-selfsigned: 1 CRs, 7 groups, 0 new sync event(s), 0 membership change(s)
2026-10-03 12:47:36,286-0400 DEBUG   gsd.kube shared-rnd: login-gate group discovered from identity provider 'ldap-local': cn=app-ssb-autobahnusers,ou=Groups,dc=ephico2real,dc=com
2026-10-03 12:47:36,411-0400 DEBUG   gsd.auditlog dashboard: crc: audit.log read 21174 byte(s) from offset 54198827 — 22 line(s), 0 login event(s), 0 inside retention, 0 after the identity filter
2026-10-03 12:47:36,411-0400 INFO    gsd.poller polled shared-rnd: 3 CRs, 66 groups, 0 new sync event(s), 0 membership change(s)
2026-10-03 12:47:36,483-0400 DEBUG   gsd.auditlog dashboard: crc: 22 audit line(s) and no login attempt in any of them — either nobody logged in, or this oauth-server build annotates nothing
2026-10-03 12:47:36,499-0400 DEBUG   gsd.auditlog mock-selfsigned: master-0: audit.log read 0 byte(s) from offset 1559 — 0 line(s), 0 login event(s), 0 inside retention, 0 after the identity filter
2026-10-03 12:47:36,701-0400 DEBUG   gsd.kube shared-qa: login-gate group discovered from identity provider 'ldap-local': cn=app-ssb-autobahnusers,ou=Groups,dc=ephico2real,dc=com
2026-10-03 12:47:36,717-0400 INFO    gsd.poller polled shared-qa: 3 CRs, 66 groups, 0 new sync event(s), 0 membership change(s)
2026-10-03 12:47:36,891-0400 DEBUG   gsd.kube mock-selfsigned: no oauth-server directory on master-1
2026-10-03 12:47:36,909-0400 DEBUG   gsd.poller mock-privateca poll cycle took 2.42s; next binding refresh in 3239s
2026-10-03 12:47:36,985-0400 DEBUG   gsd.auditlog shared-rnd: crc: audit.log read 21174 byte(s) from offset 54198827 — 22 line(s), 0 login event(s), 0 inside retention, 0 after the identity filter
2026-10-03 12:47:36,985-0400 DEBUG   gsd.auditlog shared-rnd: crc: 22 audit line(s) and no login attempt in any of them — either nobody logged in, or this oauth-server build annotates nothing
2026-10-03 12:47:36,989-0400 DEBUG   gsd.poller mock-selfsigned poll cycle took 1.68s; next binding refresh in 3240s
2026-10-03 12:47:37,187-0400 DEBUG   gsd.auditlog shared-qa: crc: audit.log read 21174 byte(s) from offset 54198827 — 22 line(s), 0 login event(s), 0 inside retention, 0 after the identity filter
2026-10-03 12:47:37,187-0400 DEBUG   gsd.auditlog shared-qa: crc: 22 audit line(s) and no login attempt in any of them — either nobody logged in, or this oauth-server build annotates nothing
2026-10-03 12:47:37,205-0400 DEBUG   gsd.poller dashboard poll cycle took 2.41s; next binding refresh in 3240s
2026-10-03 12:47:37,585-0400 DEBUG   gsd.store report snapshot written to /data/report/gsd-20261003T164737.004226Z.db (2 kept)
2026-10-03 12:47:37,618-0400 DEBUG   gsd.poller shared-rnd poll cycle took 2.30s; next binding refresh in 3180s
2026-10-03 12:47:37,628-0400 DEBUG   gsd.poller shared-qa poll cycle took 2.42s; next binding refresh in 3240s
2026-10-03 12:48:34,501-0400 DEBUG   gsd.kube fetched 5 users from mock-trusted, 4 with an identity, 5 with a display name
2026-10-03 12:48:34,589-0400 INFO    gsd.poller mock-trusted: 5 user(s) recorded, 5 with a display name, 0 with an Identity creation time
2026-10-03 12:48:34,690-0400 DEBUG   gsd.kube mock-trusted: login-gate group discovered from identity provider 'acme-ldap': cn=ocp-admins,ou=Groups,dc=acme,dc=com
2026-10-03 12:48:34,695-0400 INFO    gsd.poller polled mock-trusted: 1 CRs, 7 groups, 0 new sync event(s), 0 membership change(s)
2026-10-03 12:48:34,701-0400 DEBUG   gsd.kube fetched 5 users from mock-privateca, 4 with an identity, 5 with a display name
2026-10-03 12:48:34,703-0400 INFO    gsd.poller mock-privateca: 5 user(s) recorded, 5 with a display name, 0 with an Identity creation time
2026-10-03 12:48:34,799-0400 DEBUG   gsd.kube mock-privateca: login-gate group discovered from identity provider 'acme-ldap': cn=ocp-admins,ou=Groups,dc=acme,dc=com
2026-10-03 12:48:34,884-0400 INFO    gsd.poller polled mock-privateca: 1 CRs, 7 groups, 0 new sync event(s), 0 membership change(s)
2026-10-03 12:48:35,014-0400 DEBUG   gsd.auditlog mock-trusted: master-0: audit.log read 0 byte(s) from offset 1559 — 0 line(s), 0 login event(s), 0 inside retention, 0 after the identity filter
2026-10-03 12:48:35,189-0400 DEBUG   gsd.kube mock-trusted: no oauth-server directory on master-1
2026-10-03 12:48:35,297-0400 DEBUG   gsd.kube fetched 61 users from dashboard, 61 with an identity, 8 with a display name
2026-10-03 12:48:35,306-0400 INFO    gsd.poller dashboard: 61 user(s) recorded, 8 with a display name, 0 with an Identity creation time
2026-10-03 12:48:35,395-0400 DEBUG   gsd.poller mock-trusted poll cycle took 1.00s; next binding refresh in 3180s
2026-10-03 12:48:35,485-0400 DEBUG   gsd.auditlog mock-privateca: master-0: audit.log read 0 byte(s) from offset 1559 — 0 line(s), 0 login event(s), 0 inside retention, 0 after the identity filter
2026-10-03 12:48:35,689-0400 DEBUG   gsd.kube fetched 5 users from mock-selfsigned, 4 with an identity, 5 with a display name
2026-10-03 12:48:35,700-0400 DEBUG   gsd.kube fetched 61 users from shared-rnd, 61 with an identity, 8 with a display name
2026-10-03 12:48:35,705-0400 DEBUG   gsd.kube fetched 61 users from shared-qa, 61 with an identity, 8 with a display name
2026-10-03 12:48:35,709-0400 DEBUG   gsd.kube dashboard: login-gate group discovered from identity provider 'ldap-local': cn=app-ssb-autobahnusers,ou=Groups,dc=ephico2real,dc=com
2026-10-03 12:48:35,790-0400 INFO    gsd.poller polled dashboard: 3 CRs, 66 groups, 0 new sync event(s), 0 membership change(s)
2026-10-03 12:48:35,807-0400 INFO    gsd.poller mock-selfsigned: 5 user(s) recorded, 5 with a display name, 0 with an Identity creation time
2026-10-03 12:48:35,808-0400 INFO    gsd.poller shared-rnd: 61 user(s) recorded, 8 with a display name, 0 with an Identity creation time
2026-10-03 12:48:35,884-0400 INFO    gsd.poller shared-qa: 61 user(s) recorded, 8 with a display name, 0 with an Identity creation time
2026-10-03 12:48:35,898-0400 DEBUG   gsd.kube mock-privateca: no oauth-server directory on master-1
2026-10-03 12:48:35,986-0400 DEBUG   gsd.kube mock-selfsigned: login-gate group discovered from identity provider 'acme-ldap': cn=ocp-admins,ou=Groups,dc=acme,dc=com
2026-10-03 12:48:35,990-0400 INFO    gsd.poller polled mock-selfsigned: 1 CRs, 7 groups, 0 new sync event(s), 0 membership change(s)
2026-10-03 12:48:36,102-0400 DEBUG   gsd.kube shared-rnd: login-gate group discovered from identity provider 'ldap-local': cn=app-ssb-autobahnusers,ou=Groups,dc=ephico2real,dc=com
2026-10-03 12:48:36,287-0400 INFO    gsd.poller polled shared-rnd: 3 CRs, 66 groups, 0 new sync event(s), 0 membership change(s)
2026-10-03 12:48:36,492-0400 DEBUG   gsd.auditlog dashboard: crc: audit.log read 16072 byte(s) from offset 54220001 — 16 line(s), 0 login event(s), 0 inside retention, 0 after the identity filter
2026-10-03 12:48:36,493-0400 DEBUG   gsd.auditlog dashboard: crc: 16 audit line(s) and no login attempt in any of them — either nobody logged in, or this oauth-server build annotates nothing
2026-10-03 12:48:36,505-0400 DEBUG   gsd.auditlog mock-selfsigned: master-0: audit.log read 0 byte(s) from offset 1559 — 0 line(s), 0 login event(s), 0 inside retention, 0 after the identity filter
2026-10-03 12:48:36,693-0400 DEBUG   gsd.kube shared-qa: login-gate group discovered from identity provider 'ldap-local': cn=app-ssb-autobahnusers,ou=Groups,dc=ephico2real,dc=com
2026-10-03 12:48:36,706-0400 INFO    gsd.poller polled shared-qa: 3 CRs, 66 groups, 0 new sync event(s), 0 membership change(s)
2026-10-03 12:48:36,717-0400 DEBUG   gsd.auditlog shared-rnd: crc: audit.log read 16072 byte(s) from offset 54220001 — 16 line(s), 0 login event(s), 0 inside retention, 0 after the identity filter
2026-10-03 12:48:36,718-0400 DEBUG   gsd.auditlog shared-rnd: crc: 16 audit line(s) and no login attempt in any of them — either nobody logged in, or this oauth-server build annotates nothing
2026-10-03 12:48:36,791-0400 DEBUG   gsd.kube mock-selfsigned: no oauth-server directory on master-1
2026-10-03 12:48:36,894-0400 DEBUG   gsd.poller shared-rnd poll cycle took 1.58s; next binding refresh in 3120s
2026-10-03 12:48:36,984-0400 DEBUG   gsd.poller mock-privateca poll cycle took 2.49s; next binding refresh in 3179s
2026-10-03 12:48:37,014-0400 DEBUG   gsd.poller mock-selfsigned poll cycle took 1.63s; next binding refresh in 3180s
2026-10-03 12:48:37,019-0400 DEBUG   gsd.poller dashboard poll cycle took 2.22s; next binding refresh in 3181s
2026-10-03 12:48:37,099-0400 DEBUG   gsd.auditlog shared-qa: crc: audit.log read 16072 byte(s) from offset 54220001 — 16 line(s), 0 login event(s), 0 inside retention, 0 after the identity filter
2026-10-03 12:48:37,099-0400 DEBUG   gsd.auditlog shared-qa: crc: 16 audit line(s) and no login attempt in any of them — either nobody logged in, or this oauth-server build annotates nothing
2026-10-03 12:48:37,115-0400 DEBUG   gsd.poller shared-qa poll cycle took 1.83s; next binding refresh in 3180s
2026-10-03 12:49:34,501-0400 DEBUG   gsd.kube fetched 5 users from mock-trusted, 4 with an identity, 5 with a display name
2026-10-03 12:49:34,591-0400 INFO    gsd.poller mock-trusted: 5 user(s) recorded, 5 with a display name, 0 with an Identity creation time
2026-10-03 12:49:34,686-0400 DEBUG   gsd.kube mock-trusted: login-gate group discovered from identity provider 'acme-ldap': cn=ocp-admins,ou=Groups,dc=acme,dc=com
2026-10-03 12:49:34,689-0400 INFO    gsd.poller polled mock-trusted: 1 CRs, 7 groups, 0 new sync event(s), 0 membership change(s)
2026-10-03 12:49:34,697-0400 DEBUG   gsd.kube fetched 5 users from mock-privateca, 4 with an identity, 5 with a display name
2026-10-03 12:49:34,699-0400 INFO    gsd.poller mock-privateca: 5 user(s) recorded, 5 with a display name, 0 with an Identity creation time
2026-10-03 12:49:34,799-0400 DEBUG   gsd.kube mock-privateca: login-gate group discovered from identity provider 'acme-ldap': cn=ocp-admins,ou=Groups,dc=acme,dc=com
2026-10-03 12:49:34,803-0400 INFO    gsd.poller polled mock-privateca: 1 CRs, 7 groups, 0 new sync event(s), 0 membership change(s)
2026-10-03 12:49:35,083-0400 DEBUG   gsd.auditlog mock-trusted: master-0: audit.log read 0 byte(s) from offset 1559 — 0 line(s), 0 login event(s), 0 inside retention, 0 after the identity filter
2026-10-03 12:49:35,185-0400 DEBUG   gsd.kube fetched 61 users from dashboard, 61 with an identity, 8 with a display name
2026-10-03 12:49:35,197-0400 DEBUG   gsd.kube mock-trusted: no oauth-server directory on master-1
2026-10-03 12:49:35,287-0400 INFO    gsd.poller dashboard: 61 user(s) recorded, 8 with a display name, 0 with an Identity creation time
2026-10-03 12:49:35,393-0400 DEBUG   gsd.auditlog mock-privateca: master-0: audit.log read 0 byte(s) from offset 1559 — 0 line(s), 0 login event(s), 0 inside retention, 0 after the identity filter
2026-10-03 12:49:35,497-0400 DEBUG   gsd.kube dashboard: login-gate group discovered from identity provider 'ldap-local': cn=app-ssb-autobahnusers,ou=Groups,dc=ephico2real,dc=com
2026-10-03 12:49:35,601-0400 DEBUG   gsd.kube fetched 61 users from shared-qa, 61 with an identity, 8 with a display name
2026-10-03 12:49:35,691-0400 DEBUG   gsd.kube fetched 5 users from mock-selfsigned, 4 with an identity, 5 with a display name
2026-10-03 12:49:35,697-0400 DEBUG   gsd.kube fetched 61 users from shared-rnd, 61 with an identity, 8 with a display name
2026-10-03 12:49:35,701-0400 INFO    gsd.poller polled dashboard: 3 CRs, 66 groups, 0 new sync event(s), 0 membership change(s)
2026-10-03 12:49:35,799-0400 INFO    gsd.poller shared-qa: 61 user(s) recorded, 8 with a display name, 0 with an Identity creation time
2026-10-03 12:49:35,800-0400 INFO    gsd.poller mock-selfsigned: 5 user(s) recorded, 5 with a display name, 0 with an Identity creation time
2026-10-03 12:49:35,800-0400 INFO    gsd.poller shared-rnd: 61 user(s) recorded, 8 with a display name, 0 with an Identity creation time
2026-10-03 12:49:35,896-0400 DEBUG   gsd.kube mock-selfsigned: login-gate group discovered from identity provider 'acme-ldap': cn=ocp-admins,ou=Groups,dc=acme,dc=com
2026-10-03 12:49:35,902-0400 INFO    gsd.poller polled mock-selfsigned: 1 CRs, 7 groups, 0 new sync event(s), 0 membership change(s)
2026-10-03 12:49:35,985-0400 DEBUG   gsd.kube mock-privateca: no oauth-server directory on master-1
2026-10-03 12:49:36,106-0400 DEBUG   gsd.poller mock-trusted poll cycle took 1.71s; next binding refresh in 3120s
2026-10-03 12:49:36,188-0400 DEBUG   gsd.kube shared-qa: login-gate group discovered from identity provider 'ldap-local': cn=app-ssb-autobahnusers,ou=Groups,dc=ephico2real,dc=com
2026-10-03 12:49:36,312-0400 INFO    gsd.poller polled shared-qa: 3 CRs, 66 groups, 0 new sync event(s), 0 membership change(s)
2026-10-03 12:49:36,389-0400 DEBUG   gsd.auditlog dashboard: crc: audit.log read 18040 byte(s) from offset 54236073 — 18 line(s), 0 login event(s), 0 inside retention, 0 after the identity filter
2026-10-03 12:49:36,389-0400 DEBUG   gsd.auditlog dashboard: crc: 18 audit line(s) and no login attempt in any of them — either nobody logged in, or this oauth-server build annotates nothing
2026-10-03 12:49:36,503-0400 DEBUG   gsd.auditlog mock-selfsigned: master-0: audit.log read 0 byte(s) from offset 1559 — 0 line(s), 0 login event(s), 0 inside retention, 0 after the identity filter
2026-10-03 12:49:36,602-0400 DEBUG   gsd.kube shared-rnd: login-gate group discovered from identity provider 'ldap-local': cn=app-ssb-autobahnusers,ou=Groups,dc=ephico2real,dc=com
2026-10-03 12:49:36,611-0400 INFO    gsd.poller polled shared-rnd: 3 CRs, 66 groups, 0 new sync event(s), 0 membership change(s)
2026-10-03 12:49:36,702-0400 DEBUG   gsd.kube mock-selfsigned: no oauth-server directory on master-1
2026-10-03 12:49:36,786-0400 DEBUG   gsd.poller mock-privateca poll cycle took 2.29s; next binding refresh in 3119s
2026-10-03 12:49:36,884-0400 DEBUG   gsd.auditlog shared-qa: crc: audit.log read 20090 byte(s) from offset 54236073 — 20 line(s), 0 login event(s), 0 inside retention, 0 after the identity filter
2026-10-03 12:49:36,885-0400 DEBUG   gsd.auditlog shared-qa: crc: 20 audit line(s) and no login attempt in any of them — either nobody logged in, or this oauth-server build annotates nothing
2026-10-03 12:49:36,888-0400 DEBUG   gsd.poller mock-selfsigned poll cycle took 1.51s; next binding refresh in 3121s
2026-10-03 12:49:36,995-0400 DEBUG   gsd.poller shared-qa poll cycle took 1.71s; next binding refresh in 3121s
2026-10-03 12:49:37,009-0400 DEBUG   gsd.poller dashboard poll cycle took 2.21s; next binding refresh in 3121s
2026-10-03 12:49:37,022-0400 DEBUG   gsd.auditlog shared-rnd: crc: audit.log read 20090 byte(s) from offset 54236073 — 20 line(s), 0 login event(s), 0 inside retention, 0 after the identity filter
2026-10-03 12:49:37,022-0400 DEBUG   gsd.auditlog shared-rnd: crc: 20 audit line(s) and no login attempt in any of them — either nobody logged in, or this oauth-server build annotates nothing
2026-10-03 12:49:37,038-0400 DEBUG   gsd.poller shared-rnd poll cycle took 1.65s; next binding refresh in 3060s
2026-10-03 12:50:34,495-0400 DEBUG   gsd.kube fetched 5 users from mock-trusted, 4 with an identity, 5 with a display name
2026-10-03 12:50:34,497-0400 INFO    gsd.poller mock-trusted: 5 user(s) recorded, 5 with a display name, 0 with an Identity creation time
2026-10-03 12:50:34,602-0400 DEBUG   gsd.kube mock-trusted: login-gate group discovered from identity provider 'acme-ldap': cn=ocp-admins,ou=Groups,dc=acme,dc=com
2026-10-03 12:50:34,607-0400 INFO    gsd.poller polled mock-trusted: 1 CRs, 7 groups, 0 new sync event(s), 0 membership change(s)
2026-10-03 12:50:34,696-0400 DEBUG   gsd.kube fetched 5 users from mock-privateca, 4 with an identity, 5 with a display name
2026-10-03 12:50:34,698-0400 INFO    gsd.poller mock-privateca: 5 user(s) recorded, 5 with a display name, 0 with an Identity creation time
2026-10-03 12:50:34,805-0400 DEBUG   gsd.kube mock-privateca: login-gate group discovered from identity provider 'acme-ldap': cn=ocp-admins,ou=Groups,dc=acme,dc=com
2026-10-03 12:50:34,889-0400 INFO    gsd.poller polled mock-privateca: 1 CRs, 7 groups, 0 new sync event(s), 0 membership change(s)
2026-10-03 12:50:34,999-0400 DEBUG   gsd.auditlog mock-trusted: master-0: audit.log read 0 byte(s) from offset 1559 — 0 line(s), 0 login event(s), 0 inside retention, 0 after the identity filter
2026-10-03 12:50:35,099-0400 DEBUG   gsd.kube mock-trusted: no oauth-server directory on master-1
2026-10-03 12:50:35,107-0400 DEBUG   gsd.kube fetched 61 users from dashboard, 61 with an identity, 8 with a display name
2026-10-03 12:50:35,198-0400 INFO    gsd.poller dashboard: 61 user(s) recorded, 8 with a display name, 0 with an Identity creation time
2026-10-03 12:50:35,297-0400 DEBUG   gsd.auditlog mock-privateca: master-0: audit.log read 0 byte(s) from offset 1559 — 0 line(s), 0 login event(s), 0 inside retention, 0 after the identity filter
2026-10-03 12:50:35,397-0400 DEBUG   gsd.kube dashboard: login-gate group discovered from identity provider 'ldap-local': cn=app-ssb-autobahnusers,ou=Groups,dc=ephico2real,dc=com
2026-10-03 12:50:35,404-0400 DEBUG   gsd.poller mock-trusted poll cycle took 1.00s; next binding refresh in 3060s
2026-10-03 12:50:35,584-0400 INFO    gsd.poller polled dashboard: 3 CRs, 66 groups, 0 new sync event(s), 0 membership change(s)
2026-10-03 12:50:35,699-0400 DEBUG   gsd.kube fetched 61 users from shared-qa, 61 with an identity, 8 with a display name
2026-10-03 12:50:35,702-0400 DEBUG   gsd.kube fetched 5 users from mock-selfsigned, 4 with an identity, 5 with a display name
2026-10-03 12:50:35,792-0400 DEBUG   gsd.kube mock-privateca: no oauth-server directory on master-1
2026-10-03 12:50:35,801-0400 DEBUG   gsd.kube fetched 61 users from shared-rnd, 61 with an identity, 8 with a display name
2026-10-03 12:50:35,994-0400 INFO    gsd.poller shared-qa: 61 user(s) recorded, 8 with a display name, 0 with an Identity creation time
2026-10-03 12:50:35,997-0400 INFO    gsd.poller mock-selfsigned: 5 user(s) recorded, 5 with a display name, 0 with an Identity creation time
2026-10-03 12:50:35,998-0400 INFO    gsd.poller shared-rnd: 61 user(s) recorded, 8 with a display name, 0 with an Identity creation time
2026-10-03 12:50:36,091-0400 DEBUG   gsd.kube mock-selfsigned: login-gate group discovered from identity provider 'acme-ldap': cn=ocp-admins,ou=Groups,dc=acme,dc=com
2026-10-03 12:50:36,095-0400 INFO    gsd.poller polled mock-selfsigned: 1 CRs, 7 groups, 0 new sync event(s), 0 membership change(s)
2026-10-03 12:50:36,119-0400 DEBUG   gsd.poller mock-privateca poll cycle took 1.62s; next binding refresh in 3060s
2026-10-03 12:50:36,295-0400 DEBUG   gsd.kube shared-qa: login-gate group discovered from identity provider 'ldap-local': cn=app-ssb-autobahnusers,ou=Groups,dc=ephico2real,dc=com
2026-10-03 12:50:36,397-0400 DEBUG   gsd.auditlog dashboard: crc: audit.log read 14104 byte(s) from offset 54254113 — 14 line(s), 0 login event(s), 0 inside retention, 0 after the identity filter
2026-10-03 12:50:36,397-0400 DEBUG   gsd.auditlog dashboard: crc: 14 audit line(s) and no login attempt in any of them — either nobody logged in, or this oauth-server build annotates nothing
2026-10-03 12:50:36,401-0400 INFO    gsd.poller polled shared-qa: 3 CRs, 66 groups, 0 new sync event(s), 0 membership change(s)
2026-10-03 12:50:36,587-0400 DEBUG   gsd.kube shared-rnd: login-gate group discovered from identity provider 'ldap-local': cn=app-ssb-autobahnusers,ou=Groups,dc=ephico2real,dc=com
2026-10-03 12:50:36,621-0400 INFO    gsd.poller polled shared-rnd: 3 CRs, 66 groups, 0 new sync event(s), 0 membership change(s)
2026-10-03 12:50:36,697-0400 DEBUG   gsd.auditlog mock-selfsigned: master-0: audit.log read 0 byte(s) from offset 1559 — 0 line(s), 0 login event(s), 0 inside retention, 0 after the identity filter
2026-10-03 12:50:36,888-0400 DEBUG   gsd.kube mock-selfsigned: no oauth-server directory on master-1
2026-10-03 12:50:37,018-0400 DEBUG   gsd.auditlog shared-qa: crc: audit.log read 12054 byte(s) from offset 54256163 — 12 line(s), 0 login event(s), 0 inside retention, 0 after the identity filter
2026-10-03 12:50:37,018-0400 DEBUG   gsd.auditlog shared-qa: crc: 12 audit line(s) and no login attempt in any of them — either nobody logged in, or this oauth-server build annotates nothing
2026-10-03 12:50:37,088-0400 DEBUG   gsd.poller mock-selfsigned poll cycle took 1.70s; next binding refresh in 3060s
2026-10-03 12:50:37,106-0400 DEBUG   gsd.poller shared-qa poll cycle took 1.82s; next binding refresh in 3060s
2026-10-03 12:50:37,211-0400 DEBUG   gsd.auditlog shared-rnd: crc: audit.log read 12054 byte(s) from offset 54256163 — 12 line(s), 0 login event(s), 0 inside retention, 0 after the identity filter
2026-10-03 12:50:37,211-0400 DEBUG   gsd.auditlog shared-rnd: crc: 12 audit line(s) and no login attempt in any of them — either nobody logged in, or this oauth-server build annotates nothing
2026-10-03 12:50:37,217-0400 DEBUG   gsd.poller dashboard poll cycle took 2.42s; next binding refresh in 3060s
2026-10-03 12:50:37,228-0400 DEBUG   gsd.poller shared-rnd poll cycle took 1.84s; next binding refresh in 3000s
2026-10-03 12:51:34,514-0400 DEBUG   gsd.kube fetched 5 users from mock-trusted, 4 with an identity, 5 with a display name
2026-10-03 12:51:34,585-0400 INFO    gsd.poller mock-trusted: 5 user(s) recorded, 5 with a display name, 0 with an Identity creation time
2026-10-03 12:51:34,683-0400 DEBUG   gsd.kube mock-trusted: login-gate group discovered from identity provider 'acme-ldap': cn=ocp-admins,ou=Groups,dc=acme,dc=com
2026-10-03 12:51:34,689-0400 INFO    gsd.poller polled mock-trusted: 1 CRs, 7 groups, 0 new sync event(s), 0 membership change(s)
2026-10-03 12:51:34,700-0400 DEBUG   gsd.kube fetched 5 users from mock-privateca, 4 with an identity, 5 with a display name
2026-10-03 12:51:34,709-0400 INFO    gsd.poller mock-privateca: 5 user(s) recorded, 5 with a display name, 0 with an Identity creation time
2026-10-03 12:51:34,799-0400 DEBUG   gsd.kube mock-privateca: login-gate group discovered from identity provider 'acme-ldap': cn=ocp-admins,ou=Groups,dc=acme,dc=com
2026-10-03 12:51:34,887-0400 INFO    gsd.poller polled mock-privateca: 1 CRs, 7 groups, 0 new sync event(s), 0 membership change(s)
2026-10-03 12:51:34,990-0400 DEBUG   gsd.auditlog mock-trusted: master-0: audit.log read 0 byte(s) from offset 1559 — 0 line(s), 0 login event(s), 0 inside retention, 0 after the identity filter
2026-10-03 12:51:35,192-0400 DEBUG   gsd.kube mock-trusted: no oauth-server directory on master-1
2026-10-03 12:51:35,291-0400 DEBUG   gsd.kube fetched 61 users from dashboard, 61 with an identity, 8 with a display name
2026-10-03 12:51:35,403-0400 DEBUG   gsd.auditlog mock-privateca: master-0: audit.log read 0 byte(s) from offset 1559 — 0 line(s), 0 login event(s), 0 inside retention, 0 after the identity filter
2026-10-03 12:51:35,501-0400 DEBUG   gsd.poller mock-trusted poll cycle took 1.10s; next binding refresh in 3000s
2026-10-03 12:51:35,503-0400 INFO    gsd.poller dashboard: 61 user(s) recorded, 8 with a display name, 0 with an Identity creation time
2026-10-03 12:51:35,686-0400 DEBUG   gsd.kube fetched 61 users from shared-qa, 61 with an identity, 8 with a display name
2026-10-03 12:51:35,704-0400 DEBUG   gsd.kube fetched 5 users from mock-selfsigned, 4 with an identity, 5 with a display name
2026-10-03 12:51:35,705-0400 DEBUG   gsd.kube mock-privateca: no oauth-server directory on master-1
2026-10-03 12:51:35,795-0400 DEBUG   gsd.kube fetched 61 users from shared-rnd, 61 with an identity, 8 with a display name
2026-10-03 12:51:35,802-0400 DEBUG   gsd.kube dashboard: login-gate group discovered from identity provider 'ldap-local': cn=app-ssb-autobahnusers,ou=Groups,dc=ephico2real,dc=com
2026-10-03 12:51:35,888-0400 INFO    gsd.poller polled dashboard: 3 CRs, 66 groups, 0 new sync event(s), 0 membership change(s)
2026-10-03 12:51:36,004-0400 INFO    gsd.poller shared-qa: 61 user(s) recorded, 8 with a display name, 0 with an Identity creation time
2026-10-03 12:51:36,005-0400 INFO    gsd.poller mock-selfsigned: 5 user(s) recorded, 5 with a display name, 0 with an Identity creation time
2026-10-03 12:51:36,008-0400 INFO    gsd.poller shared-rnd: 61 user(s) recorded, 8 with a display name, 0 with an Identity creation time
2026-10-03 12:51:36,118-0400 DEBUG   gsd.kube mock-selfsigned: login-gate group discovered from identity provider 'acme-ldap': cn=ocp-admins,ou=Groups,dc=acme,dc=com
2026-10-03 12:51:36,191-0400 INFO    gsd.poller polled mock-selfsigned: 1 CRs, 7 groups, 0 new sync event(s), 0 membership change(s)
2026-10-03 12:51:36,303-0400 DEBUG   gsd.poller mock-privateca poll cycle took 1.80s; next binding refresh in 3000s
2026-10-03 12:51:36,395-0400 DEBUG   gsd.kube shared-qa: login-gate group discovered from identity provider 'ldap-local': cn=app-ssb-autobahnusers,ou=Groups,dc=ephico2real,dc=com
2026-10-03 12:51:36,485-0400 INFO    gsd.poller polled shared-qa: 3 CRs, 66 groups, 0 new sync event(s), 0 membership change(s)
2026-10-03 12:51:36,587-0400 DEBUG   gsd.auditlog dashboard: crc: audit.log read 12054 byte(s) from offset 54268217 — 12 line(s), 0 login event(s), 0 inside retention, 0 after the identity filter
2026-10-03 12:51:36,587-0400 DEBUG   gsd.auditlog dashboard: crc: 12 audit line(s) and no login attempt in any of them — either nobody logged in, or this oauth-server build annotates nothing
2026-10-03 12:51:36,600-0400 DEBUG   gsd.auditlog mock-selfsigned: master-0: audit.log read 0 byte(s) from offset 1559 — 0 line(s), 0 login event(s), 0 inside retention, 0 after the identity filter
2026-10-03 12:51:36,688-0400 DEBUG   gsd.kube shared-rnd: login-gate group discovered from identity provider 'ldap-local': cn=app-ssb-autobahnusers,ou=Groups,dc=ephico2real,dc=com
2026-10-03 12:51:36,700-0400 INFO    gsd.poller polled shared-rnd: 3 CRs, 66 groups, 0 new sync event(s), 0 membership change(s)
2026-10-03 12:51:36,789-0400 DEBUG   gsd.kube mock-selfsigned: no oauth-server directory on master-1
2026-10-03 12:51:36,899-0400 DEBUG   gsd.poller mock-selfsigned poll cycle took 1.51s; next binding refresh in 3001s
2026-10-03 12:51:36,909-0400 DEBUG   gsd.auditlog shared-qa: crc: audit.log read 12054 byte(s) from offset 54268217 — 12 line(s), 0 login event(s), 0 inside retention, 0 after the identity filter
2026-10-03 12:51:36,909-0400 DEBUG   gsd.auditlog shared-qa: crc: 12 audit line(s) and no login attempt in any of them — either nobody logged in, or this oauth-server build annotates nothing
2026-10-03 12:51:36,998-0400 DEBUG   gsd.poller shared-qa poll cycle took 1.71s; next binding refresh in 3001s
2026-10-03 12:51:37,014-0400 DEBUG   gsd.poller dashboard poll cycle took 2.21s; next binding refresh in 3001s
2026-10-03 12:51:37,104-0400 DEBUG   gsd.auditlog shared-rnd: crc: audit.log read 12054 byte(s) from offset 54268217 — 12 line(s), 0 login event(s), 0 inside retention, 0 after the identity filter
2026-10-03 12:51:37,104-0400 DEBUG   gsd.auditlog shared-rnd: crc: 12 audit line(s) and no login attempt in any of them — either nobody logged in, or this oauth-server build annotates nothing
2026-10-03 12:51:37,121-0400 DEBUG   gsd.poller shared-rnd poll cycle took 1.73s; next binding refresh in 2940s
2026-10-03 12:52:34,504-0400 DEBUG   gsd.kube fetched 5 users from mock-trusted, 4 with an identity, 5 with a display name
2026-10-03 12:52:34,506-0400 INFO    gsd.poller mock-trusted: 5 user(s) recorded, 5 with a display name, 0 with an Identity creation time
2026-10-03 12:52:34,600-0400 DEBUG   gsd.kube mock-trusted: login-gate group discovered from identity provider 'acme-ldap': cn=ocp-admins,ou=Groups,dc=acme,dc=com
2026-10-03 12:52:34,604-0400 INFO    gsd.poller polled mock-trusted: 1 CRs, 7 groups, 0 new sync event(s), 0 membership change(s)
2026-10-03 12:52:34,783-0400 DEBUG   gsd.kube fetched 5 users from mock-privateca, 4 with an identity, 5 with a display name
2026-10-03 12:52:34,785-0400 INFO    gsd.poller mock-privateca: 5 user(s) recorded, 5 with a display name, 0 with an Identity creation time
2026-10-03 12:52:34,891-0400 DEBUG   gsd.kube mock-privateca: login-gate group discovered from identity provider 'acme-ldap': cn=ocp-admins,ou=Groups,dc=acme,dc=com
2026-10-03 12:52:34,899-0400 INFO    gsd.poller polled mock-privateca: 1 CRs, 7 groups, 0 new sync event(s), 0 membership change(s)
2026-10-03 12:52:35,008-0400 DEBUG   gsd.auditlog mock-trusted: master-0: audit.log read 0 byte(s) from offset 1559 — 0 line(s), 0 login event(s), 0 inside retention, 0 after the identity filter
2026-10-03 12:52:35,204-0400 DEBUG   gsd.kube mock-trusted: no oauth-server directory on master-1
2026-10-03 12:52:35,301-0400 DEBUG   gsd.kube fetched 61 users from dashboard, 61 with an identity, 8 with a display name
2026-10-03 12:52:35,384-0400 DEBUG   gsd.poller mock-trusted poll cycle took 0.98s; next binding refresh in 2940s
2026-10-03 12:52:35,407-0400 INFO    gsd.poller dashboard: 61 user(s) recorded, 8 with a display name, 0 with an Identity creation time
2026-10-03 12:52:35,592-0400 DEBUG   gsd.auditlog mock-privateca: master-0: audit.log read 0 byte(s) from offset 1559 — 0 line(s), 0 login event(s), 0 inside retention, 0 after the identity filter
2026-10-03 12:52:35,617-0400 DEBUG   gsd.kube fetched 61 users from shared-qa, 61 with an identity, 8 with a display name
2026-10-03 12:52:35,688-0400 DEBUG   gsd.kube fetched 5 users from mock-selfsigned, 4 with an identity, 5 with a display name
2026-10-03 12:52:35,693-0400 DEBUG   gsd.kube dashboard: login-gate group discovered from identity provider 'ldap-local': cn=app-ssb-autobahnusers,ou=Groups,dc=ephico2real,dc=com
2026-10-03 12:52:35,703-0400 INFO    gsd.poller polled dashboard: 3 CRs, 66 groups, 0 new sync event(s), 0 membership change(s)
2026-10-03 12:52:35,794-0400 DEBUG   gsd.kube fetched 61 users from shared-rnd, 61 with an identity, 8 with a display name
2026-10-03 12:52:35,888-0400 INFO    gsd.poller shared-qa: 61 user(s) recorded, 8 with a display name, 0 with an Identity creation time
2026-10-03 12:52:35,890-0400 INFO    gsd.poller mock-selfsigned: 5 user(s) recorded, 5 with a display name, 0 with an Identity creation time
2026-10-03 12:52:35,891-0400 INFO    gsd.poller shared-rnd: 61 user(s) recorded, 8 with a display name, 0 with an Identity creation time
2026-10-03 12:52:35,987-0400 DEBUG   gsd.kube mock-privateca: no oauth-server directory on master-1
2026-10-03 12:52:35,996-0400 DEBUG   gsd.kube mock-selfsigned: login-gate group discovered from identity provider 'acme-ldap': cn=ocp-admins,ou=Groups,dc=acme,dc=com
2026-10-03 12:52:36,000-0400 INFO    gsd.poller polled mock-selfsigned: 1 CRs, 7 groups, 0 new sync event(s), 0 membership change(s)
2026-10-03 12:52:36,099-0400 DEBUG   gsd.kube shared-qa: login-gate group discovered from identity provider 'ldap-local': cn=app-ssb-autobahnusers,ou=Groups,dc=ephico2real,dc=com
2026-10-03 12:52:36,391-0400 INFO    gsd.poller polled shared-qa: 3 CRs, 66 groups, 0 new sync event(s), 0 membership change(s)
2026-10-03 12:52:36,402-0400 DEBUG   gsd.auditlog dashboard: crc: audit.log read 25110 byte(s) from offset 54280271 — 26 line(s), 0 login event(s), 0 inside retention, 0 after the identity filter
2026-10-03 12:52:36,403-0400 DEBUG   gsd.auditlog dashboard: crc: 26 audit line(s) and no login attempt in any of them — either nobody logged in, or this oauth-server build annotates nothing
2026-10-03 12:52:36,593-0400 DEBUG   gsd.kube shared-rnd: login-gate group discovered from identity provider 'ldap-local': cn=app-ssb-autobahnusers,ou=Groups,dc=ephico2real,dc=com
2026-10-03 12:52:36,605-0400 DEBUG   gsd.auditlog mock-selfsigned: master-0: audit.log read 0 byte(s) from offset 1559 — 0 line(s), 0 login event(s), 0 inside retention, 0 after the identity filter
2026-10-03 12:52:36,705-0400 DEBUG   gsd.poller mock-privateca poll cycle took 2.20s; next binding refresh in 2939s
2026-10-03 12:52:36,722-0400 INFO    gsd.poller polled shared-rnd: 3 CRs, 66 groups, 0 new sync event(s), 0 membership change(s)
2026-10-03 12:52:36,904-0400 DEBUG   gsd.kube mock-selfsigned: no oauth-server directory on master-1
2026-10-03 12:52:37,007-0400 DEBUG   gsd.auditlog shared-qa: crc: audit.log read 25110 byte(s) from offset 54280271 — 26 line(s), 0 login event(s), 0 inside retention, 0 after the identity filter
2026-10-03 12:52:37,008-0400 DEBUG   gsd.auditlog shared-qa: crc: 26 audit line(s) and no login attempt in any of them — either nobody logged in, or this oauth-server build annotates nothing
2026-10-03 12:52:37,193-0400 DEBUG   gsd.poller shared-qa poll cycle took 1.90s; next binding refresh in 2940s
2026-10-03 12:52:37,299-0400 DEBUG   gsd.poller dashboard poll cycle took 2.50s; next binding refresh in 2940s
2026-10-03 12:52:37,307-0400 DEBUG   gsd.auditlog shared-rnd: crc: audit.log read 25110 byte(s) from offset 54280271 — 26 line(s), 0 login event(s), 0 inside retention, 0 after the identity filter
2026-10-03 12:52:37,307-0400 DEBUG   gsd.auditlog shared-rnd: crc: 26 audit line(s) and no login attempt in any of them — either nobody logged in, or this oauth-server build annotates nothing
2026-10-03 12:52:37,637-0400 DEBUG   gsd.store report snapshot written to /data/report/gsd-20261003T165237.083757Z.db (2 kept)
2026-10-03 12:52:37,686-0400 DEBUG   gsd.poller mock-selfsigned poll cycle took 2.30s; next binding refresh in 2940s
2026-10-03 12:52:37,709-0400 DEBUG   gsd.poller shared-rnd poll cycle took 2.32s; next binding refresh in 2879s
INFO:     Shutting down
INFO:     Waiting for application shutdown.
INFO:     Application shutdown complete.
INFO:     Finished server process [1]
