........................................................................ [  1%]
........................................................................ [  2%]
........................................................................ [  4%]
........................................................................ [  5%]
........................................................................ [  6%]
........................................................................ [  8%]
........................................................................ [  9%]
........................................................................ [ 10%]
........................................................................ [ 12%]
........................................................................ [ 13%]
........................................................................ [ 15%]
.s...................................................................... [ 16%]
............ss.......................................................... [ 17%]
........................................................................ [ 19%]
........................................................................ [ 20%]
........................................................................ [ 21%]
........................................................................ [ 23%]
........................................................................ [ 24%]
........................................................................ [ 25%]
........................................................................ [ 27%]
........................................................................ [ 28%]
........................................................................ [ 30%]
........................................................................ [ 31%]
........................................................................ [ 32%]
........................................................................ [ 34%]
........................................................................ [ 35%]
........................................................................ [ 36%]
........................................................................ [ 38%]
........................................................................ [ 39%]
........................................................................ [ 41%]
.............................................s................s......... [ 42%]
........................................................................ [ 43%]
....s.......s...................................s....................... [ 45%]
........................................................................ [ 46%]
...........................s............................................ [ 47%]
.........................ss............................................. [ 49%]
........................................................................ [ 50%]
........................................................................ [ 51%]
........................................................................ [ 53%]
......s.s................................s.ss.ss........................ [ 54%]
........................................................................ [ 56%]
........................................................................ [ 57%]
........................................................................ [ 58%]
........................................................................ [ 60%]
........................................................................ [ 61%]
........................................................................ [ 62%]
........................................................................ [ 64%]
........................................................................ [ 65%]
........................................................................ [ 66%]
.....................s.................................................. [ 68%]
........................................................................ [ 69%]
........................................................................ [ 71%]
........................................................................ [ 72%]
........................................................................ [ 73%]
........................................................................ [ 75%]
........................................................................ [ 76%]
........................................................................ [ 77%]
........................................................................ [ 79%]
........................................................................ [ 80%]
........................................................................ [ 82%]
........................................................................ [ 83%]
........................................................................ [ 84%]
........................................................................ [ 86%]
........................................................................ [ 87%]
........................................................................ [ 88%]
........................................................................ [ 90%]
........................................................................ [ 91%]
........................................................................ [ 92%]
........................................................................ [ 94%]
........................................................................ [ 95%]
........................................................................ [ 97%]
........................................................................ [ 98%]
........................................................................ [ 99%]
...........                                                              [100%]
=============================== warnings summary ===============================
../../../../../../../../Users/olasumbo/gitRepos/group-sync-dashboard/local-development/.venv/lib/python3.14/site-packages/fastapi/testclient.py:1
  /Users/olasumbo/gitRepos/group-sync-dashboard/local-development/.venv/lib/python3.14/site-packages/fastapi/testclient.py:1: StarletteDeprecationWarning: Using `httpx` with `starlette.testclient` is deprecated; install `httpx2` instead.
    from starlette.testclient import TestClient as TestClient  # noqa

../../../../../../../../Users/olasumbo/gitRepos/group-sync-dashboard/local-development/.venv/lib/python3.14/site-packages/starlette/testclient.py:53
  /Users/olasumbo/gitRepos/group-sync-dashboard/local-development/.venv/lib/python3.14/site-packages/starlette/testclient.py:53: DeprecationWarning: The anyio.abc.BlockingPortal alias is deprecated, use anyio.from_thread.BlockingPortal instead.
    _PortalFactoryType = Callable[[], AbstractContextManager[anyio.abc.BlockingPortal]]

-- Docs: https://docs.pytest.org/en/stable/how-to/capture-warnings.html
5248 passed, 19 skipped, 608 deselected, 2 warnings in 247.02s (0:04:07)
exit=0
