# SPEC_F2 §5 scheduled walk (#106); written by scripts/scheduled.sh; started 2026-10-04T00:10:10Z

## Wait for PR #576's setting on the report pod  (2026-10-04T00:10:10Z)
$ oc get deployments.apps -n group-sync-dashboard group-sync-dashboard-report -o json | jq -c '[.spec.template.spec.containers[0].env[] | select(.name | test("FORMATS"))]'
[{"name":"GSD_REPORT_FORMATS_SCHEDULED","value":"html,json,csv"},{"name":"GSD_REPORT_FORMATS_MANUAL","value":"html,json,pdf"}]
$ oc rollout status deployment/group-sync-dashboard-report -n group-sync-dashboard --timeout=600s
Waiting for deployment "group-sync-dashboard-report" rollout to finish: 0 of 1 updated replicas are available...
deployment "group-sync-dashboard-report" successfully rolled out
$ oc get applications.argoproj.io -n openshift-gitops group-sync-dashboard -o json | jq -c '{sync: .status.sync.status, health: .status.health.status, revision: .status.sync.revision}'
{"sync":"Synced","health":"Progressing","revision":"43b231b6b77ef8da58e105c28d70f6042aa2e3d3"}

## Wait for the window (22:00 New York)  (2026-10-04T00:15:52Z)
$ TZ=America/New_York date
Sat Oct  3 22:00:55 EDT 2026

## One Job from the CronJob group-sync-dashboard-report-quarterly-compliance  (2026-10-04T02:00:55Z)
$ oc create job walk-106-scheduled-001010 --from=cronjob/group-sync-dashboard-report-quarterly-compliance -n group-sync-dashboard
job.batch/walk-106-scheduled-001010 created
$ oc label job walk-106-scheduled-001010 -n group-sync-dashboard walk.gsd.lab/run=csv-format-106-2026-10-03
job.batch/walk-106-scheduled-001010 labeled
$ oc wait --for=condition=complete job/walk-106-scheduled-001010 -n group-sync-dashboard --timeout=900s
job.batch/walk-106-scheduled-001010 condition met
$ oc logs job/walk-106-scheduled-001010 -n group-sync-dashboard --tail=40
{"submitted": ["20261004T020102.809069Z-1fc7", "20261004T020102.809069Z-3804", "20261004T020102.809069Z-3c54", "20261004T020102.809069Z-55bd", "20261004T020102.809069Z-7716", "20261004T020102.809069Z-8b36"], "report": "compliance-snapshot", "clusters": ["dashboard", "mock-privateca", "mock-selfsigned", "mock-trusted", "shared-qa", "shared-rnd"]}
{"id": "20261004T020102.809069Z-3804", "cluster": "dashboard", "status": "done", "sha256": "61b5b1c86bf9b3d7a899aeb5a73b6754a97138731025eef72b2764bb76d24509", "bytes": {"json": 12560, "csv": 4465, "html": 10706}, "error": null}
{"id": "20261004T020102.809069Z-7716", "cluster": "mock-privateca", "status": "done", "sha256": "5bdb2bcc25f91267495df83209b8839fe1b386f8a02c84f44cc0126cf85af59d", "bytes": {"json": 10411, "csv": 3473, "html": 9244}, "error": null}
{"id": "20261004T020102.809069Z-1fc7", "cluster": "mock-selfsigned", "status": "done", "sha256": "7ae1f1d70126d05c4881a9301d24e831c31deed938eb8334de2c062e3ce0515b", "bytes": {"json": 10415, "csv": 3475, "html": 9248}, "error": null}
{"id": "20261004T020102.809069Z-55bd", "cluster": "mock-trusted", "status": "done", "sha256": "1e459908a83389e4db64932f2c2dca1c58005b0eefed5e62d8ba7aae5eb7dc4c", "bytes": {"json": 10403, "csv": 3469, "html": 9236}, "error": null}
{"id": "20261004T020102.809069Z-3c54", "cluster": "shared-qa", "status": "done", "sha256": "588453339aa014e46b3ce86cd931f78e83b928c0bb97e2e637246c315c7d49d4", "bytes": {"json": 12556, "csv": 4463, "html": 10704}, "error": null}
{"id": "20261004T020102.809069Z-8b36", "cluster": "shared-rnd", "status": "done", "sha256": "99b78080e336ca124530d64ae4520f1e51e0d1449707d15ecfb4e269149af28e", "bytes": {"json": 12558, "csv": 4464, "html": 10707}, "error": null}

## The run records written by this Job (schedule quarterly-compliance, requested at or after 2026-10-04T02:00:55Z)  (2026-10-04T02:01:08Z)
$ oc exec -n group-sync-dashboard deploy/group-sync-dashboard-report -- python3.14 -c 'import json, pathlib
for m in sorted(pathlib.Path("/artifacts").glob("*/run.json")):
    j = json.loads(m.read_text())
    if j.get("schedule") == "quarterly-compliance" and (j.get("requested_at") or "") >= "2026-10-04T02:00:55Z":
        print(json.dumps({k: j.get(k) for k in ("id", "status", "schedule", "cluster", "formats", "bytes", "sha256", "requested_at")}))
        print("  files:", sorted(p.name for p in m.parent.iterdir()))'
{"id": "20261004T020102.809069Z-1fc7", "status": "done", "schedule": "quarterly-compliance", "cluster": "mock-selfsigned", "formats": ["csv", "html"], "bytes": {"csv": 3475, "html": 9248, "json": 10415}, "sha256": "7ae1f1d70126d05c4881a9301d24e831c31deed938eb8334de2c062e3ce0515b", "requested_at": "2026-10-04T02:01:02Z"}
  files: ['report.csv', 'report.html', 'report.json', 'run.json']
{"id": "20261004T020102.809069Z-3804", "status": "done", "schedule": "quarterly-compliance", "cluster": "dashboard", "formats": ["csv", "html"], "bytes": {"csv": 4465, "html": 10706, "json": 12560}, "sha256": "61b5b1c86bf9b3d7a899aeb5a73b6754a97138731025eef72b2764bb76d24509", "requested_at": "2026-10-04T02:01:02Z"}
  files: ['report.csv', 'report.html', 'report.json', 'run.json']
{"id": "20261004T020102.809069Z-3c54", "status": "done", "schedule": "quarterly-compliance", "cluster": "shared-qa", "formats": ["csv", "html"], "bytes": {"csv": 4463, "html": 10704, "json": 12556}, "sha256": "588453339aa014e46b3ce86cd931f78e83b928c0bb97e2e637246c315c7d49d4", "requested_at": "2026-10-04T02:01:02Z"}
  files: ['report.csv', 'report.html', 'report.json', 'run.json']
{"id": "20261004T020102.809069Z-55bd", "status": "done", "schedule": "quarterly-compliance", "cluster": "mock-trusted", "formats": ["csv", "html"], "bytes": {"csv": 3469, "html": 9236, "json": 10403}, "sha256": "1e459908a83389e4db64932f2c2dca1c58005b0eefed5e62d8ba7aae5eb7dc4c", "requested_at": "2026-10-04T02:01:02Z"}
  files: ['report.csv', 'report.html', 'report.json', 'run.json']
{"id": "20261004T020102.809069Z-7716", "status": "done", "schedule": "quarterly-compliance", "cluster": "mock-privateca", "formats": ["csv", "html"], "bytes": {"csv": 3473, "html": 9244, "json": 10411}, "sha256": "5bdb2bcc25f91267495df83209b8839fe1b386f8a02c84f44cc0126cf85af59d", "requested_at": "2026-10-04T02:01:02Z"}
  files: ['report.csv', 'report.html', 'report.json', 'run.json']
{"id": "20261004T020102.809069Z-8b36", "status": "done", "schedule": "quarterly-compliance", "cluster": "shared-rnd", "formats": ["csv", "html"], "bytes": {"csv": 4464, "html": 10707, "json": 12558}, "sha256": "99b78080e336ca124530d64ae4520f1e51e0d1449707d15ecfb4e269149af28e", "requested_at": "2026-10-04T02:01:02Z"}
  files: ['report.csv', 'report.html', 'report.json', 'run.json']

## Clean up  (2026-10-04T02:01:08Z)
$ oc delete job walk-106-scheduled-001010 -n group-sync-dashboard --ignore-not-found
job.batch "walk-106-scheduled-001010" deleted from group-sync-dashboard namespace
$ oc get jobs.batch -n group-sync-dashboard -l walk.gsd.lab/run=csv-format-106-2026-10-03 -o name
$ oc get persistentvolumeclaims -n group-sync-dashboard -o custom-columns=NAME:.metadata.name,UID:.metadata.uid
NAME                                    UID
group-sync-dashboard-backup-offsite     7f505595-db2e-40be-a4ee-c6ed271c42b6
group-sync-dashboard-data               f065b7a4-535c-4ef1-868c-58f5afee4953
group-sync-dashboard-report-artifacts   08c7d45c-a3eb-47be-8506-f24ea7a3e0e3
done 2026-10-04T02:01:09Z
