version : 0.32.0
commit  : fd9bfb99d3  (branch feat/338-remote-sar-every-join)
tag     : 0.32.0-fd9bfb99d3
built   : group-sync-dashboard:0.32.0-fd9bfb99d3 (stamp verified)
built   : group-sync-dashboard-report:0.32.0-fd9bfb99d3 (stamp verified)
Getting image source signatures
Copying blob sha256:918d23ec424ab2296eb6e4a8c97012a95a1d26865b24827125020fa61c7ec76c
Copying blob sha256:d7e5ddccb385b9492d26fdc11eba8956cb90b4d3c45285ede7ee63676b4454c0
Copying blob sha256:b76fc143c2b60504f652fa590fac8653d026c7bcd040fce6ad24ca5dd5450658
Copying blob sha256:ccc265d5ad79d13616978c6dd79b01497890f9e435c9ab6885ed1239d8a2d2e2
Copying blob sha256:c98f5df8bc1d40028edbe43ea91667dd7ed74db294369f15583f8f35f12b8e97
Copying blob sha256:3a33b951d71d0af66e489d046c521b6f42241eabc10f6361183b18c4c9e68c9e
Copying blob sha256:bb46b1d29fe9e886f3f45c2b5c4c4231b4c7d985b796a9957280616cb5ffc5f6
Copying blob sha256:41f9d0b3a7ba596e88d5c273ef53c816cf8d595c55b37507b742c64a9af06083
Copying blob sha256:39d42c77046f24624e1521476c178fd11ecee4bc6df906728a7de852473ff4f5
Copying blob sha256:ecef7e602114b3e8b737b3a62b34f03b476bd97a1683a9ae4fde67e3d0928c37
Copying blob sha256:12093014e5c74cb3c8c194ecc59985de5483878deccff6489093954c83af99ac
Copying blob sha256:80e215d2819bb02a94d4f6eb831ed8bc57d45281294d6f39d633f1e8d3d696e9
Copying blob sha256:3159166f383e40019caa3d4a8bf3f22e5b37aeb0a73f5ca06ea7a5c10a7826ae
Copying blob sha256:6faff41460ef9de07b7537f4edadaaa5e54f5998475928e00e1594a70690be6d
Copying blob sha256:367e288dcfe96a1b3f232217a65b3ef336468f93db3c6dbad4489e2dc42bed91
Copying blob sha256:0794109cbcb680d3dcf22a140cf1733cd18b25886ff6c0027245413253d97f0c
Copying blob sha256:f7a0589297b3606b4b9bf48e30fab16e1e316b9cba0b272f86ad4320d25ee0b8
Copying blob sha256:32947df7c1a67676de6c1e7dbb5a9e72f92df1a074c18d25b2395f9ad9d13e79
Copying blob sha256:6d2828378a9c4b4b07c8fa18475538d0a71476c22b2b49e742e028aa009b1b64
Copying blob sha256:6f86caaab82cc26d4d38cd7200a9104173d8efc43adc8e968b403c8e7a81af72
Copying blob sha256:9265bf1f24a889675303fd402ef161a2de2ae5543f870e4c5c0aa564bd2fea3d
Copying blob sha256:ac3d7e0f8bae0e462e537918087e073571e9c1467e949a6ad761b0ebba672192
Copying blob sha256:4eab4e777e914a659dbc7b28da97945c6106f248a862a8152a3c48f2388e02ad
Copying blob sha256:d3299d20157a8696d3024d9fedf2ea571b94a3db4ff39cfcaa287ec1efb9d3b9
Copying blob sha256:e91fbe932ee75086ca24a2c89c938ad0919b2af0b6fbd35af3595ec3198ea70e
Copying blob sha256:ee5523555c8586f09a4cedd3c9a19a8cd26cacb0b7954b2a7beb27869350d487
Copying blob sha256:a8f6404f9fb8a201a9296761fb94d4ee341219d75e6804e7d0ef1f8e9d6e6664
Copying blob sha256:0940c399cb77aa49d9f8b1e6197fd886ec19260e3974cb3adf026a779bfe0a5d
Copying blob sha256:03c1eaba240f3d1e099c77e4b48791d32fc90347cd32ede7db4f6af255bfa612
Copying blob sha256:2fc34458b9a3c92a72be3dbd0ea34190bb72d95779cfb688a848cfae8d152015
Copying blob sha256:4be28b1a8a33e4ea93743c7d40cfd57048723ee3ff4e49b5c93276b2085e4f56
Copying blob sha256:9acbbd765b923d82a194275c1496889da58c3f4895dc2e7ced7eaa0cd1583855
Copying blob sha256:d4af848145d77ac6ac2ae7e7abc9152be118d135aa926470d0216eca0b2f7756
Copying blob sha256:ea8f776674f3579088ffc5a46e0919d64804224261f00b53390b1a6adfe7de1d
Copying blob sha256:ebe5896bee8eced44dea10eb9f421a2f721f37d9e9316de259e0c428bf29575e
Copying blob sha256:4d8968b56d8c13ebc6525b6ecad2cae5ad8fe601dd1ac7e36ef9408508ff7b36
Copying blob sha256:244933c6f1e477a248c1c499a9fd2fae76e510c0160cdb2ec285e07ef584a138
Copying blob sha256:a887143c492349fa80434182abc1dfb88dca9f1bd81bc6505b316d7bce2a965f
Copying blob sha256:c649a21dd67a516093e3e4ba859a9512e0c575eb3ecdc48e906d0ba65aa6865f
Copying blob sha256:5f70bf18a086007016e948b04aed3b82103a36bea41755b6cddfaf10ace3c6ef
Copying blob sha256:5f70bf18a086007016e948b04aed3b82103a36bea41755b6cddfaf10ace3c6ef
Copying config sha256:140b1225a7a14365f38ba953588004f31e74033fc868c62e0192d9b352f80c6c
Writing manifest to image destination
pushed  : default-route-openshift-image-registry.apps-crc.testing/group-sync-dashboard/group-sync-dashboard:0.32.0-fd9bfb99d3
Getting image source signatures
Copying blob sha256:918d23ec424ab2296eb6e4a8c97012a95a1d26865b24827125020fa61c7ec76c
Copying blob sha256:ccc265d5ad79d13616978c6dd79b01497890f9e435c9ab6885ed1239d8a2d2e2
Copying blob sha256:c98f5df8bc1d40028edbe43ea91667dd7ed74db294369f15583f8f35f12b8e97
Copying blob sha256:d7e5ddccb385b9492d26fdc11eba8956cb90b4d3c45285ede7ee63676b4454c0
Copying blob sha256:b76fc143c2b60504f652fa590fac8653d026c7bcd040fce6ad24ca5dd5450658
Copying blob sha256:3a33b951d71d0af66e489d046c521b6f42241eabc10f6361183b18c4c9e68c9e
Copying blob sha256:bb46b1d29fe9e886f3f45c2b5c4c4231b4c7d985b796a9957280616cb5ffc5f6
Copying blob sha256:41f9d0b3a7ba596e88d5c273ef53c816cf8d595c55b37507b742c64a9af06083
Copying blob sha256:39d42c77046f24624e1521476c178fd11ecee4bc6df906728a7de852473ff4f5
Copying blob sha256:ecef7e602114b3e8b737b3a62b34f03b476bd97a1683a9ae4fde67e3d0928c37
Copying blob sha256:12093014e5c74cb3c8c194ecc59985de5483878deccff6489093954c83af99ac
Copying blob sha256:80e215d2819bb02a94d4f6eb831ed8bc57d45281294d6f39d633f1e8d3d696e9
Copying blob sha256:3159166f383e40019caa3d4a8bf3f22e5b37aeb0a73f5ca06ea7a5c10a7826ae
Copying blob sha256:6faff41460ef9de07b7537f4edadaaa5e54f5998475928e00e1594a70690be6d
Copying blob sha256:367e288dcfe96a1b3f232217a65b3ef336468f93db3c6dbad4489e2dc42bed91
Copying blob sha256:0794109cbcb680d3dcf22a140cf1733cd18b25886ff6c0027245413253d97f0c
Copying blob sha256:f7a0589297b3606b4b9bf48e30fab16e1e316b9cba0b272f86ad4320d25ee0b8
Copying blob sha256:32947df7c1a67676de6c1e7dbb5a9e72f92df1a074c18d25b2395f9ad9d13e79
Copying blob sha256:6d2828378a9c4b4b07c8fa18475538d0a71476c22b2b49e742e028aa009b1b64
Copying blob sha256:6f86caaab82cc26d4d38cd7200a9104173d8efc43adc8e968b403c8e7a81af72
Copying blob sha256:9265bf1f24a889675303fd402ef161a2de2ae5543f870e4c5c0aa564bd2fea3d
Copying blob sha256:ac3d7e0f8bae0e462e537918087e073571e9c1467e949a6ad761b0ebba672192
Copying blob sha256:4eab4e777e914a659dbc7b28da97945c6106f248a862a8152a3c48f2388e02ad
Copying blob sha256:d3299d20157a8696d3024d9fedf2ea571b94a3db4ff39cfcaa287ec1efb9d3b9
Copying blob sha256:e91fbe932ee75086ca24a2c89c938ad0919b2af0b6fbd35af3595ec3198ea70e
Copying blob sha256:ee5523555c8586f09a4cedd3c9a19a8cd26cacb0b7954b2a7beb27869350d487
Copying blob sha256:a8f6404f9fb8a201a9296761fb94d4ee341219d75e6804e7d0ef1f8e9d6e6664
Copying blob sha256:0940c399cb77aa49d9f8b1e6197fd886ec19260e3974cb3adf026a779bfe0a5d
Copying blob sha256:03c1eaba240f3d1e099c77e4b48791d32fc90347cd32ede7db4f6af255bfa612
Copying blob sha256:2fc34458b9a3c92a72be3dbd0ea34190bb72d95779cfb688a848cfae8d152015
Copying blob sha256:4be28b1a8a33e4ea93743c7d40cfd57048723ee3ff4e49b5c93276b2085e4f56
Copying blob sha256:9acbbd765b923d82a194275c1496889da58c3f4895dc2e7ced7eaa0cd1583855
Copying blob sha256:39b1883fd8d6d90b7fbaeb840dd4ce006e34606b48ec27f0ba72835aa5971f75
Copying blob sha256:8b6ff053c2dcebd063bcbd916898c1e7ee31e539c5080e79ea79cc369962d100
Copying blob sha256:1e0f108a8dfe0a76704380ce59bbbe156d4ae5c011789c4037b444166c4f33e8
Copying blob sha256:6102c5f653771bed67a3e1d1fe0646c198783b4539056ae42093fd3df6982cbc
Copying blob sha256:ef0e4222c79107e13704902cf490c7d7ff3d4cf2b74b61ff947129836489408c
Copying blob sha256:6b8563d2b3124697a82e3fa5a93f9d442173c3c9e477efb376d575d40ad899ea
Copying blob sha256:e4005be972372e7ff434dd79215f353d88671b3ae98b1cf43a8915030b2d21fc
Copying blob sha256:5f70bf18a086007016e948b04aed3b82103a36bea41755b6cddfaf10ace3c6ef
Copying blob sha256:5f70bf18a086007016e948b04aed3b82103a36bea41755b6cddfaf10ace3c6ef
Copying config sha256:bd7323e625857e339353d1a03d3c8ca058642e29ed58522c59ad883b80672344
Writing manifest to image destination
pushed  : default-route-openshift-image-registry.apps-crc.testing/group-sync-dashboard/group-sync-dashboard-report:0.32.0-fd9bfb99d3
release : /Users/olasumbo/gitRepos/group-sync-dashboard/environments/crc-d2b-walk.yaml
argocd  : deleting Application group-sync-dashboard — Helm takes the release over (the PVCs and the minted Secrets survive)
application.argoproj.io "group-sync-dashboard" deleted from openshift-gitops namespace
Release "group-sync-dashboard" does not exist. Installing it now.
Error: conflict occurred while applying object group-sync-dashboard/group-sync-dashboard-data /v1, Kind=PersistentVolumeClaim: Apply failed with 3 conflicts: conflicts with "argocd-controller":
- .metadata.labels.app.kubernetes.io/version
- .metadata.labels.helm.sh/chart
conflicts with "before-first-apply" using v1:
- .metadata.labels.app.kubernetes.io/version && conflict occurred while applying object group-sync-dashboard/group-sync-dashboard-report-artifacts /v1, Kind=PersistentVolumeClaim: Apply failed with 3 conflicts: conflicts with "argocd-controller":
- .metadata.labels.app.kubernetes.io/version
- .metadata.labels.helm.sh/chart
conflicts with "before-first-apply" using v1:
- .metadata.labels.app.kubernetes.io/version
release-crc exit 1
