# The audit lines of the walk, captured at 2026-10-03T00:15:36Z because walk.log's step 6 display failed (BSD sed: RE error, repetition above 255; fixed in run.sh after the run). Step 6's count line in walk.log reads 72.
$ oc logs -n group-sync-dashboard deploy/group-sync-dashboard -c dashboard --since=45m | grep -E "report-run-deleted|db-copy-deleted" | cut -c1-400
2026-10-02 20:13:31,943-0400 INFO    gsd.api report-run-deleted run=20260930T094935.837962Z-90e1 report=namespace-access cluster=dashboard bytes=47740 by=developer
2026-10-02 20:13:33,614-0400 INFO    gsd.api report-run-deleted run=20260919T020001.264993Z-1c36 report=namespace-access cluster=crc-local schedule=nightly-namespace-access bytes=0 by=developer
2026-10-02 20:13:33,615-0400 INFO    gsd.api report-run-deleted run=20260919T020013.766694Z-d3eb report=namespace-access cluster=crc-local schedule=nightly-namespace-access bytes=0 by=developer
2026-10-02 20:13:33,615-0400 INFO    gsd.api report-run-deleted run=20260920T020001.372931Z-7da2 report=namespace-access cluster=crc-local schedule=nightly-namespace-access bytes=81280 by=developer
2026-10-02 20:13:33,615-0400 INFO    gsd.api report-run-deleted run=20260920T061631.075114Z-ede4 report=namespace-access cluster=crc-local schedule=nightly-namespace-access bytes=37375 by=developer
2026-10-02 20:13:33,615-0400 INFO    gsd.api report-run-deleted run=20260921T020001.364916Z-4633 report=namespace-access cluster=mock-selfsigned schedule=nightly-namespace-access bytes=17609 by=developer
2026-10-02 20:13:33,616-0400 INFO    gsd.api report-run-deleted run=20260921T020001.364916Z-543b report=namespace-access cluster=mock-privateca schedule=nightly-namespace-access bytes=17601 by=developer
2026-10-02 20:13:33,616-0400 INFO    gsd.api report-run-deleted run=20260921T020001.364916Z-bc79 report=namespace-access cluster=crc-local schedule=nightly-namespace-access bytes=37622 by=developer
2026-10-02 20:13:33,616-0400 INFO    gsd.api report-run-deleted run=20260921T020001.364916Z-c7bc report=namespace-access cluster=mock-trusted schedule=nightly-namespace-access bytes=17585 by=developer
2026-10-02 20:13:33,616-0400 INFO    gsd.api report-run-deleted run=20260921T020001.364916Z-cb11 report=namespace-access cluster=shared-rnd schedule=nightly-namespace-access bytes=37621 by=developer
2026-10-02 20:13:33,616-0400 INFO    gsd.api report-run-deleted run=20260922T020001.291199Z-0d5b report=namespace-access cluster=mock-privateca schedule=nightly-namespace-access bytes=18006 by=developer
2026-10-02 20:13:33,617-0400 INFO    gsd.api report-run-deleted run=20260922T020001.291199Z-1851 report=namespace-access cluster=shared-rnd schedule=nightly-namespace-access bytes=38026 by=developer
2026-10-02 20:13:33,617-0400 INFO    gsd.api report-run-deleted run=20260922T020001.291199Z-1c0e report=namespace-access cluster=dashboard schedule=nightly-namespace-access bytes=38027 by=developer
2026-10-02 20:13:33,617-0400 INFO    gsd.api report-run-deleted run=20260922T020001.291199Z-6080 report=namespace-access cluster=mock-trusted schedule=nightly-namespace-access bytes=17990 by=developer
2026-10-02 20:13:33,617-0400 INFO    gsd.api report-run-deleted run=20260922T020001.291199Z-ebd4 report=namespace-access cluster=mock-selfsigned schedule=nightly-namespace-access bytes=18014 by=developer
2026-10-02 20:13:33,617-0400 INFO    gsd.api report-run-deleted run=20260923T020001.021106Z-035f report=namespace-access cluster=mock-privateca schedule=nightly-namespace-access bytes=18006 by=developer
2026-10-02 20:13:33,617-0400 INFO    gsd.api report-run-deleted run=20260923T020001.021106Z-3338 report=namespace-access cluster=shared-qa schedule=nightly-namespace-access bytes=38021 by=developer
2026-10-02 20:13:33,618-0400 INFO    gsd.api report-run-deleted run=20260923T020001.021106Z-641d report=namespace-access cluster=shared-rnd schedule=nightly-namespace-access bytes=38026 by=developer
2026-10-02 20:13:33,618-0400 INFO    gsd.api report-run-deleted run=20260923T020001.021106Z-6abb report=namespace-access cluster=mock-selfsigned schedule=nightly-namespace-access bytes=18014 by=developer
2026-10-02 20:13:33,618-0400 INFO    gsd.api report-run-deleted run=20260923T020001.021106Z-9295 report=namespace-access cluster=dashboard schedule=nightly-namespace-access bytes=38027 by=developer
2026-10-02 20:13:33,618-0400 INFO    gsd.api report-run-deleted run=20260923T020001.021106Z-95cf report=namespace-access cluster=mock schedule=nightly-namespace-access bytes=18744 by=developer
2026-10-02 20:13:33,618-0400 INFO    gsd.api report-run-deleted run=20260923T020001.021106Z-a0b6 report=namespace-access cluster=mock-trusted schedule=nightly-namespace-access bytes=17990 by=developer
2026-10-02 20:13:33,618-0400 INFO    gsd.api report-run-deleted run=20260924T020001.423968Z-5def report=namespace-access cluster=shared-qa schedule=nightly-namespace-access bytes=38568 by=developer
2026-10-02 20:13:33,619-0400 INFO    gsd.api report-run-deleted run=20260924T020001.423968Z-6166 report=namespace-access cluster=mock-selfsigned schedule=nightly-namespace-access bytes=18013 by=developer
2026-10-02 20:13:33,619-0400 INFO    gsd.api report-run-deleted run=20260924T020001.423968Z-836d report=namespace-access cluster=dashboard schedule=nightly-namespace-access bytes=38026 by=developer
2026-10-02 20:13:33,619-0400 INFO    gsd.api report-run-deleted run=20260924T020001.423968Z-bfb5 report=namespace-access cluster=mock-trusted schedule=nightly-namespace-access bytes=17989 by=developer
2026-10-02 20:13:33,619-0400 INFO    gsd.api report-run-deleted run=20260924T020001.423968Z-d85d report=namespace-access cluster=shared-rnd schedule=nightly-namespace-access bytes=38025 by=developer
2026-10-02 20:13:33,619-0400 INFO    gsd.api report-run-deleted run=20260924T020001.423968Z-fa29 report=namespace-access cluster=mock-privateca schedule=nightly-namespace-access bytes=18005 by=developer
2026-10-02 20:13:33,620-0400 INFO    gsd.api report-run-deleted run=20260925T020002.401828Z-1220 report=namespace-access cluster=mock-trusted schedule=nightly-namespace-access bytes=17990 by=developer
2026-10-02 20:13:33,620-0400 INFO    gsd.api report-run-deleted run=20260925T020002.401828Z-385b report=namespace-access cluster=shared-rnd schedule=nightly-namespace-access bytes=38026 by=developer
2026-10-02 20:13:33,620-0400 INFO    gsd.api report-run-deleted run=20260925T020002.401828Z-4940 report=namespace-access cluster=shared-qa schedule=nightly-namespace-access bytes=38021 by=developer
2026-10-02 20:13:33,620-0400 INFO    gsd.api report-run-deleted run=20260925T020002.401828Z-5c64 report=namespace-access cluster=mock-privateca schedule=nightly-namespace-access bytes=18006 by=developer
2026-10-02 20:13:33,620-0400 INFO    gsd.api report-run-deleted run=20260925T020002.401828Z-80f8 report=namespace-access cluster=mock-selfsigned schedule=nightly-namespace-access bytes=18014 by=developer
2026-10-02 20:13:33,620-0400 INFO    gsd.api report-run-deleted run=20260925T020002.401828Z-848d report=namespace-access cluster=dashboard schedule=nightly-namespace-access bytes=38027 by=developer
2026-10-02 20:13:33,621-0400 INFO    gsd.api report-run-deleted run=20260926T020001.022075Z-0dde report=namespace-access cluster=dashboard schedule=nightly-namespace-access bytes=38027 by=developer
2026-10-02 20:13:33,621-0400 INFO    gsd.api report-run-deleted run=20260926T020001.022075Z-0f7e report=namespace-access cluster=shared-rnd schedule=nightly-namespace-access bytes=38026 by=developer
2026-10-02 20:13:33,621-0400 INFO    gsd.api report-run-deleted run=20260926T020001.022075Z-72ef report=namespace-access cluster=mock-trusted schedule=nightly-namespace-access bytes=17990 by=developer
2026-10-02 20:13:33,621-0400 INFO    gsd.api report-run-deleted run=20260926T020001.022075Z-8aa2 report=namespace-access cluster=mock-privateca schedule=nightly-namespace-access bytes=18006 by=developer
2026-10-02 20:13:33,621-0400 INFO    gsd.api report-run-deleted run=20260926T020001.022075Z-8fc5 report=namespace-access cluster=shared-qa schedule=nightly-namespace-access bytes=38021 by=developer
2026-10-02 20:13:33,622-0400 INFO    gsd.api report-run-deleted run=20260926T020001.022075Z-d415 report=namespace-access cluster=mock-selfsigned schedule=nightly-namespace-access bytes=18014 by=developer
2026-10-02 20:13:33,622-0400 INFO    gsd.api report-run-deleted run=20260927T020006.620127Z-4239 report=namespace-access cluster=shared-qa schedule=nightly-namespace-access bytes=38024 by=developer
2026-10-02 20:13:33,622-0400 INFO    gsd.api report-run-deleted run=20260927T020006.620127Z-4ff8 report=namespace-access cluster=shared-rnd schedule=nightly-namespace-access bytes=38029 by=developer
2026-10-02 20:13:33,622-0400 INFO    gsd.api report-run-deleted run=20260927T020006.620127Z-6e9f report=namespace-access cluster=mock-trusted schedule=nightly-namespace-access bytes=17993 by=developer
2026-10-02 20:13:33,622-0400 INFO    gsd.api report-run-deleted run=20260927T020006.620127Z-8a1b report=namespace-access cluster=mock-privateca schedule=nightly-namespace-access bytes=18009 by=developer
2026-10-02 20:13:33,622-0400 INFO    gsd.api report-run-deleted run=20260927T020006.620127Z-d754 report=namespace-access cluster=mock-selfsigned schedule=nightly-namespace-access bytes=18017 by=developer
2026-10-02 20:13:33,623-0400 INFO    gsd.api report-run-deleted run=20260927T020006.620127Z-f618 report=namespace-access cluster=dashboard schedule=nightly-namespace-access bytes=38030 by=developer
2026-10-02 20:13:33,623-0400 INFO    gsd.api report-run-deleted run=20260928T020006.713172Z-0ab5 report=namespace-access cluster=shared-rnd schedule=nightly-namespace-access bytes=38025 by=developer
2026-10-02 20:13:33,623-0400 INFO    gsd.api report-run-deleted run=20260928T020006.713172Z-196e report=namespace-access cluster=mock-privateca schedule=nightly-namespace-access bytes=18005 by=developer
2026-10-02 20:13:33,623-0400 INFO    gsd.api report-run-deleted run=20260928T020006.713172Z-42ca report=namespace-access cluster=shared-qa schedule=nightly-namespace-access bytes=38020 by=developer
2026-10-02 20:13:33,623-0400 INFO    gsd.api report-run-deleted run=20260928T020006.713172Z-48eb report=namespace-access cluster=dashboard schedule=nightly-namespace-access bytes=38026 by=developer
2026-10-02 20:13:33,623-0400 INFO    gsd.api report-run-deleted run=20260928T020006.713172Z-c39f report=namespace-access cluster=mock-selfsigned schedule=nightly-namespace-access bytes=18013 by=developer
2026-10-02 20:13:33,624-0400 INFO    gsd.api report-run-deleted run=20260928T020006.713172Z-fe00 report=namespace-access cluster=mock-trusted schedule=nightly-namespace-access bytes=17989 by=developer
2026-10-02 20:13:33,624-0400 INFO    gsd.api report-run-deleted run=20260929T020006.670455Z-040d report=namespace-access cluster=shared-rnd schedule=nightly-namespace-access bytes=38029 by=developer
2026-10-02 20:13:33,624-0400 INFO    gsd.api report-run-deleted run=20260929T020006.670455Z-18b3 report=namespace-access cluster=mock-selfsigned schedule=nightly-namespace-access bytes=18017 by=developer
2026-10-02 20:13:33,624-0400 INFO    gsd.api report-run-deleted run=20260929T020006.670455Z-655b report=namespace-access cluster=mock-trusted schedule=nightly-namespace-access bytes=17993 by=developer
2026-10-02 20:13:33,624-0400 INFO    gsd.api report-run-deleted run=20260929T020006.670455Z-7970 report=namespace-access cluster=shared-qa schedule=nightly-namespace-access bytes=38024 by=developer
2026-10-02 20:13:33,625-0400 INFO    gsd.api report-run-deleted run=20260929T020006.670455Z-9ced report=namespace-access cluster=mock-privateca schedule=nightly-namespace-access bytes=18009 by=developer
2026-10-02 20:13:33,625-0400 INFO    gsd.api report-run-deleted run=20260929T020006.670455Z-d111 report=namespace-access cluster=dashboard schedule=nightly-namespace-access bytes=38030 by=developer
2026-10-02 20:13:33,625-0400 INFO    gsd.api report-run-deleted run=20261001T020006.603008Z-063f report=namespace-access cluster=shared-qa schedule=nightly-namespace-access bytes=38018 by=developer
2026-10-02 20:13:33,625-0400 INFO    gsd.api report-run-deleted run=20261001T020006.603008Z-280c report=namespace-access cluster=mock-trusted schedule=nightly-namespace-access bytes=17987 by=developer
2026-10-02 20:13:33,625-0400 INFO    gsd.api report-run-deleted run=20261001T020006.603008Z-38e0 report=namespace-access cluster=shared-rnd schedule=nightly-namespace-access bytes=38023 by=developer
2026-10-02 20:13:33,625-0400 INFO    gsd.api report-run-deleted run=20261001T020006.603008Z-62fa report=namespace-access cluster=mock-privateca schedule=nightly-namespace-access bytes=18003 by=developer
2026-10-02 20:13:33,626-0400 INFO    gsd.api report-run-deleted run=20261001T020006.603008Z-a29c report=namespace-access cluster=dashboard schedule=nightly-namespace-access bytes=38024 by=developer
2026-10-02 20:13:33,626-0400 INFO    gsd.api report-run-deleted run=20261001T020006.603008Z-ad27 report=namespace-access cluster=mock-selfsigned schedule=nightly-namespace-access bytes=18011 by=developer
2026-10-02 20:13:33,626-0400 INFO    gsd.api report-run-deleted run=20261002T020000.983505Z-1fd6 report=namespace-access cluster=dashboard schedule=nightly-namespace-access bytes=38025 by=developer
2026-10-02 20:13:33,626-0400 INFO    gsd.api report-run-deleted run=20261002T020000.983505Z-275b report=namespace-access cluster=mock-trusted schedule=nightly-namespace-access bytes=17988 by=developer
2026-10-02 20:13:33,626-0400 INFO    gsd.api report-run-deleted run=20261002T020000.983505Z-3372 report=namespace-access cluster=mock-selfsigned schedule=nightly-namespace-access bytes=18012 by=developer
2026-10-02 20:13:33,626-0400 INFO    gsd.api report-run-deleted run=20261002T020000.983505Z-3774 report=namespace-access cluster=shared-qa schedule=nightly-namespace-access bytes=38019 by=developer
2026-10-02 20:13:33,627-0400 INFO    gsd.api report-run-deleted run=20261002T020000.983505Z-4f74 report=namespace-access cluster=mock schedule=nightly-namespace-access bytes=18742 by=developer
2026-10-02 20:13:33,627-0400 INFO    gsd.api report-run-deleted run=20261002T020000.983505Z-5779 report=namespace-access cluster=mock-privateca schedule=nightly-namespace-access bytes=18004 by=developer
2026-10-02 20:13:33,627-0400 INFO    gsd.api report-run-deleted run=20261002T020000.983505Z-ca04 report=namespace-access cluster=shared-rnd schedule=nightly-namespace-access bytes=38024 by=developer
2026-10-02 20:13:38,129-0400 INFO    gsd.api db-copy-deleted kind=pre-restore copy=pre-upgrade-20261002T012959.076526Z-schema-20-to-21-group-sync-dashboard-779c754858-tlp2t.db directory=/data/pre-restore bytes=14270623 by=developer
