time="2026-10-03T04:49:37Z" level=info msg="Refreshing app status (controller refresh requested), level (1)" app-namespace=openshift-gitops application=group-sync-dashboard project=default
time="2026-10-03T04:49:37Z" level=info msg="Comparing app state (cluster: https://kubernetes.default.svc, namespace: group-sync-dashboard)" app-namespace=openshift-gitops application=group-sync-dashboard project=default
time="2026-10-03T04:49:37Z" level=info msg="GetRepoObjs stats" app-namespace=openshift-gitops application=group-sync-dashboard build_options_ms=0 manifests_ms=32 plugins_ms=0 project=default repo_ms=0 time_ms=32
time="2026-10-03T04:49:37Z" level=info msg="Updated sync status: Synced -> OutOfSync" application=group-sync-dashboard dest-namespace=group-sync-dashboard dest-server="https://kubernetes.default.svc" reason=ResourceUpdated type=Normal
time="2026-10-03T04:49:37Z" level=info msg="Update successful" app-namespace=openshift-gitops application=group-sync-dashboard project=default
time="2026-10-03T04:49:37Z" level=info msg="Reconciliation completed" app-namespace=openshift-gitops app_status_update_ms=0 application=group-sync-dashboard auto_sync_ms=0 compare_app_state_ms=50 comparison-level=1 comparison_with_nothing_ms=0 dedup_ms=0 dest-name= dest-namespace=group-sync-dashboard dest-server="https://kubernetes.default.svc" diff_ms=11 git_ms=33 health_ms=2 live_ms=1 normalize_application_ms=1 patch_ms=12 persist_app_status_ms=15 process_finalizers_ms=0 project=default refresh_app_conditions_ms=0 set_app_managed_resources_ms=40 setop_ms=0 settings_ms=0 sync_ms=0 time_ms=109
time="2026-10-03T04:49:37Z" level=info msg="Refreshing app status (controller refresh requested), level (1)" app-namespace=openshift-gitops application=group-sync-dashboard project=default
time="2026-10-03T04:49:37Z" level=info msg="Comparing app state (cluster: https://kubernetes.default.svc, namespace: group-sync-dashboard)" app-namespace=openshift-gitops application=group-sync-dashboard project=default
time="2026-10-03T04:49:37Z" level=info msg="GetRepoObjs stats" app-namespace=openshift-gitops application=group-sync-dashboard build_options_ms=0 manifests_ms=32 plugins_ms=0 project=default repo_ms=0 time_ms=33
time="2026-10-03T04:49:37Z" level=info msg="Updated health status: Healthy -> Progressing" application=group-sync-dashboard dest-namespace=group-sync-dashboard dest-server="https://kubernetes.default.svc" reason=ResourceUpdated type=Normal
time="2026-10-03T04:49:38Z" level=info msg="Update successful" app-namespace=openshift-gitops application=group-sync-dashboard project=default
time="2026-10-03T04:49:38Z" level=info msg="Reconciliation completed" app-namespace=openshift-gitops app_status_update_ms=0 application=group-sync-dashboard auto_sync_ms=0 compare_app_state_ms=48 comparison-level=1 comparison_with_nothing_ms=0 dedup_ms=0 dest-name= dest-namespace=group-sync-dashboard dest-server="https://kubernetes.default.svc" diff_ms=9 git_ms=33 health_ms=2 live_ms=1 normalize_application_ms=1 patch_ms=11 persist_app_status_ms=16 process_finalizers_ms=0 project=default refresh_app_conditions_ms=0 set_app_managed_resources_ms=38 setop_ms=0 settings_ms=0 sync_ms=0 time_ms=105
time="2026-10-03T04:49:38Z" level=info msg="Refreshing app status (controller refresh requested), level (0)" app-namespace=openshift-gitops application=group-sync-dashboard project=default
time="2026-10-03T04:49:38Z" level=info msg="No status changes. Skipping patch" app-namespace=openshift-gitops application=group-sync-dashboard project=default
time="2026-10-03T04:49:38Z" level=info msg="Reconciliation completed" app-namespace=openshift-gitops application=group-sync-dashboard comparison-level=0 dest-name= dest-namespace=group-sync-dashboard dest-server="https://kubernetes.default.svc" patch_ms=0 project=default setop_ms=0 time_ms=17
time="2026-10-03T04:49:38Z" level=info msg="Refreshing app status (controller refresh requested), level (0)" app-namespace=openshift-gitops application=group-sync-dashboard project=default
time="2026-10-03T04:49:38Z" level=info msg="No status changes. Skipping patch" app-namespace=openshift-gitops application=group-sync-dashboard project=default
time="2026-10-03T04:49:38Z" level=info msg="Reconciliation completed" app-namespace=openshift-gitops application=group-sync-dashboard comparison-level=0 dest-name= dest-namespace=group-sync-dashboard dest-server="https://kubernetes.default.svc" patch_ms=0 project=default setop_ms=0 time_ms=11
time="2026-10-03T04:49:38Z" level=info msg="Refreshing app status (controller refresh requested), level (0)" app-namespace=openshift-gitops application=group-sync-dashboard project=default
time="2026-10-03T04:49:38Z" level=info msg="No status changes. Skipping patch" app-namespace=openshift-gitops application=group-sync-dashboard project=default
time="2026-10-03T04:49:38Z" level=info msg="Reconciliation completed" app-namespace=openshift-gitops application=group-sync-dashboard comparison-level=0 dest-name= dest-namespace=group-sync-dashboard dest-server="https://kubernetes.default.svc" patch_ms=0 project=default setop_ms=0 time_ms=12
time="2026-10-03T04:49:39Z" level=info msg="Refreshing app status (controller refresh requested), level (0)" app-namespace=openshift-gitops application=group-sync-dashboard project=default
time="2026-10-03T04:49:39Z" level=info msg="No status changes. Skipping patch" app-namespace=openshift-gitops application=group-sync-dashboard project=default
time="2026-10-03T04:49:39Z" level=info msg="Reconciliation completed" app-namespace=openshift-gitops application=group-sync-dashboard comparison-level=0 dest-name= dest-namespace=group-sync-dashboard dest-server="https://kubernetes.default.svc" patch_ms=0 project=default setop_ms=0 time_ms=11
time="2026-10-03T04:49:39Z" level=info msg="Refreshing app status (controller refresh requested), level (0)" app-namespace=openshift-gitops application=group-sync-dashboard project=default
time="2026-10-03T04:49:39Z" level=info msg="No status changes. Skipping patch" app-namespace=openshift-gitops application=group-sync-dashboard project=default
time="2026-10-03T04:49:39Z" level=info msg="Reconciliation completed" app-namespace=openshift-gitops application=group-sync-dashboard comparison-level=0 dest-name= dest-namespace=group-sync-dashboard dest-server="https://kubernetes.default.svc" patch_ms=0 project=default setop_ms=0 time_ms=12
time="2026-10-03T04:49:40Z" level=info msg="Refreshing app status (controller refresh requested), level (0)" app-namespace=openshift-gitops application=group-sync-dashboard project=default
time="2026-10-03T04:49:40Z" level=info msg="No status changes. Skipping patch" app-namespace=openshift-gitops application=group-sync-dashboard project=default
time="2026-10-03T04:49:40Z" level=info msg="Reconciliation completed" app-namespace=openshift-gitops application=group-sync-dashboard comparison-level=0 dest-name= dest-namespace=group-sync-dashboard dest-server="https://kubernetes.default.svc" patch_ms=0 project=default setop_ms=0 time_ms=12
time="2026-10-03T04:49:40Z" level=info msg="Refreshing app status (controller refresh requested), level (1)" app-namespace=openshift-gitops application=group-sync-dashboard project=default
time="2026-10-03T04:49:40Z" level=info msg="Comparing app state (cluster: https://kubernetes.default.svc, namespace: group-sync-dashboard)" app-namespace=openshift-gitops application=group-sync-dashboard project=default
time="2026-10-03T04:49:40Z" level=info msg="GetRepoObjs stats" app-namespace=openshift-gitops application=group-sync-dashboard build_options_ms=0 manifests_ms=33 plugins_ms=0 project=default repo_ms=0 time_ms=33
time="2026-10-03T04:49:40Z" level=info msg="Updated health status: Progressing -> Healthy" application=group-sync-dashboard dest-namespace=group-sync-dashboard dest-server="https://kubernetes.default.svc" reason=ResourceUpdated type=Normal
time="2026-10-03T04:49:40Z" level=info msg="Update successful" app-namespace=openshift-gitops application=group-sync-dashboard project=default
time="2026-10-03T04:49:40Z" level=info msg="Reconciliation completed" app-namespace=openshift-gitops app_status_update_ms=0 application=group-sync-dashboard auto_sync_ms=0 compare_app_state_ms=67 comparison-level=1 comparison_with_nothing_ms=0 dedup_ms=0 dest-name= dest-namespace=group-sync-dashboard dest-server="https://kubernetes.default.svc" diff_ms=25 git_ms=33 health_ms=5 live_ms=1 normalize_application_ms=10 patch_ms=12 persist_app_status_ms=15 process_finalizers_ms=0 project=default refresh_app_conditions_ms=0 set_app_managed_resources_ms=68 setop_ms=0 settings_ms=0 sync_ms=0 time_ms=162
time="2026-10-03T04:49:46Z" level=info msg="Enabled automated sync" app-namespace=openshift-gitops application=group-sync-dashboard project=default
time="2026-10-03T04:49:46Z" level=info msg="Refreshing app status (controller refresh requested), level (2)" app-namespace=openshift-gitops application=group-sync-dashboard project=default
time="2026-10-03T04:49:46Z" level=info msg="Comparing app state (cluster: https://kubernetes.default.svc, namespace: group-sync-dashboard)" app-namespace=openshift-gitops application=group-sync-dashboard project=default
time="2026-10-03T04:49:46Z" level=info msg="GetRepoObjs stats" app-namespace=openshift-gitops application=group-sync-dashboard build_options_ms=0 manifests_ms=37 plugins_ms=0 project=default repo_ms=0 time_ms=37
time="2026-10-03T04:49:46Z" level=info msg="Already attempted sync: comparing synced revisions to [097daa818eedfa6c6955720806a9dd89fa1fdd03]" app-namespace=openshift-gitops application=group-sync-dashboard project=default
time="2026-10-03T04:49:46Z" level=info msg="Initiated automated sync to '097daa818eedfa6c6955720806a9dd89fa1fdd03'" application=group-sync-dashboard dest-namespace=group-sync-dashboard dest-server="https://kubernetes.default.svc" reason=OperationStarted type=Normal
time="2026-10-03T04:49:46Z" level=info msg="Initiated automated sync to '097daa818eedfa6c6955720806a9dd89fa1fdd03'" app-namespace=openshift-gitops application=group-sync-dashboard project=default
time="2026-10-03T04:49:46Z" level=info msg="Update successful" app-namespace=openshift-gitops application=group-sync-dashboard project=default
time="2026-10-03T04:49:46Z" level=info msg="Reconciliation completed" app-namespace=openshift-gitops app_status_update_ms=0 application=group-sync-dashboard auto_sync_ms=16 compare_app_state_ms=47 comparison-level=2 comparison_with_nothing_ms=0 dedup_ms=1 dest-name= dest-namespace=group-sync-dashboard dest-server="https://kubernetes.default.svc" diff_ms=1 git_ms=38 health_ms=3 live_ms=1 normalize_application_ms=2 patch_ms=8 persist_app_status_ms=9 process_finalizers_ms=0 project=default refresh_app_conditions_ms=0 set_app_managed_resources_ms=21 setop_ms=14 settings_ms=0 sync_ms=0 time_ms=97
time="2026-10-03T04:49:46Z" level=info msg="updated 'openshift-gitops/group-sync-dashboard' operation (phase: Running)" app-namespace=openshift-gitops application=group-sync-dashboard project=default
time="2026-10-03T04:49:46Z" level=info msg="Initialized new operation: {&SyncOperation{Revision:097daa818eedfa6c6955720806a9dd89fa1fdd03,Prune:true,DryRun:false,SyncStrategy:nil,Resources:[]SyncOperationResource{SyncOperationResource{Group:apps,Kind:Deployment,Name:group-sync-dashboard,Namespace:,},SyncOperationResource{Group:apps,Kind:Deployment,Name:group-sync-dashboard-recovery,Namespace:,},SyncOperationResource{Group:rbac.authorization.k8s.io,Kind:Role,Name:group-sync-dashboard-secrets-mint,Namespace:,},SyncOperationResource{Group:rbac.authorization.k8s.io,Kind:RoleBinding,Name:group-sync-dashboard-secrets-mint,Namespace:,},SyncOperationResource{Group:,Kind:ServiceAccount,Name:group-sync-dashboard-secrets-mint,Namespace:,},},Source:&ApplicationSource{RepoURL:https://github.com/ephico2real2/group-sync-dashboard.git,Path:charts/group-sync-dashboard,TargetRevision:lab/e11-recovery-walk,Helm:&ApplicationSourceHelm{ValueFiles:[../../environments/crc.yaml],Parameters:[]HelmParameter{},ReleaseName:group-sync-dashboard,Values:,FileParameters:[]HelmFileParameter{},Version:,PassCredentials:false,IgnoreMissingValueFiles:false,SkipCrds:false,ValuesObject:&runtime.RawExtension{Raw:*[123 34 99 108 117 115 116 101 114 115 34 58 91 123 34 97 112 105 85 114 108 34 58 34 104 116 116 112 115 58 47 47 107 117 98 101 114 110 101 116 101 115 46 100 101 102 97 117 108 116 46 115 118 99 34 44 34 99 97 66 117 110 100 108 101 70 105 108 101 34 58 34 47 118 97 114 47 114 117 110 47 115 101 99 114 101 116 115 47 107 117 98 101 114 110 101 116 101 115 46 105 111 47 115 101 114 118 105 99 101 97 99 99 111 117 110 116 47 99 97 46 99 114 116 34 44 34 100 97 115 104 98 111 97 114 100 67 111 110 116 114 111 108 108 101 114 34 58 116 114 117 101 44 34 101 110 97 98 108 101 100 34 58 116 114 117 101 44 34 110 97 109 101 34 58 34 100 97 115 104 98 111 97 114 100 34 44 34 116 111 107 101 110 70 105 108 101 34 58 34 47 118 97 114 47 114 117 110 47 115 101 99 114 101 116 115 47 107 117 98 101 114 110 101 116 101 115 46 105 111 47 115 101 114 118 105 99 101 97 99 99 111 117 110 116 47 116 111 107 101 110 34 125 93 125],},Namespace:,KubeVersion:,APIVersions:[],SkipTests:false,SkipSchemaValidation:false,},Kustomize:nil,Directory:nil,Plugin:nil,Chart:,Ref:,Name:,},Manifests:[],SyncOptions:[CreateNamespace=true RespectIgnoreDifferences=true ServerSideApply=true],Sources:[]ApplicationSource{},Revisions:[],SelfHealAttemptsCount:1,} { true} [] {3 &Backoff{Duration:30s,Factor:*2,MaxDuration:5m,} false}}" app-namespace=openshift-gitops application=group-sync-dashboard project=default
time="2026-10-03T04:49:46Z" level=info msg="Comparing app state (cluster: https://kubernetes.default.svc, namespace: group-sync-dashboard)" app-namespace=openshift-gitops application=group-sync-dashboard project=default
time="2026-10-03T04:49:46Z" level=info msg="GetRepoObjs stats" app-namespace=openshift-gitops application=group-sync-dashboard build_options_ms=0 manifests_ms=32 plugins_ms=0 project=default repo_ms=0 time_ms=32
time="2026-10-03T04:49:46Z" level=info msg=Syncing app-namespace=openshift-gitops application=group-sync-dashboard project=default skipHooks=true started=false syncId=00070-IjggJ
time="2026-10-03T04:49:46Z" level=info msg="Namespace already exists" app-namespace=openshift-gitops application=group-sync-dashboard namespace=group-sync-dashboard project=default syncId=00070-IjggJ
time="2026-10-03T04:49:46Z" level=info msg="Tasks (dry-run)" app-namespace=openshift-gitops application=group-sync-dashboard project=default syncId=00070-IjggJ tasks="[Sync/0 resource apps/Deployment:group-sync-dashboard/group-sync-dashboard obj->obj (,,), Sync/0 resource apps/Deployment:group-sync-dashboard/group-sync-dashboard-recovery obj->obj (,,)]"
time="2026-10-03T04:49:46Z" level=info msg="Updating operation state. phase: Running -> Running, message: '' -> 'one or more tasks are running'" app-namespace=openshift-gitops application=group-sync-dashboard project=default syncId=00070-IjggJ
time="2026-10-03T04:49:46Z" level=info msg="Adding resource result, status: 'Synced', phase: 'Running', message: 'deployment.apps/group-sync-dashboard-recovery serverside-applied'" app-namespace=openshift-gitops application=group-sync-dashboard kind=Deployment name=group-sync-dashboard-recovery namespace=group-sync-dashboard phase=Sync project=default syncId=00070-IjggJ
time="2026-10-03T04:49:46Z" level=info msg="Adding resource result, status: 'Synced', phase: 'Running', message: 'deployment.apps/group-sync-dashboard serverside-applied'" app-namespace=openshift-gitops application=group-sync-dashboard kind=Deployment name=group-sync-dashboard namespace=group-sync-dashboard phase=Sync project=default syncId=00070-IjggJ
time="2026-10-03T04:49:46Z" level=info msg="Updating operation state. phase: Running -> Succeeded, message: 'one or more tasks are running' -> 'successfully synced (all tasks run)'" app-namespace=openshift-gitops application=group-sync-dashboard project=default syncId=00070-IjggJ
time="2026-10-03T04:49:46Z" level=info msg="sync/terminate complete" app-namespace=openshift-gitops application=group-sync-dashboard duration=77.680565ms project=default syncId=00070-IjggJ
time="2026-10-03T04:49:46Z" level=info msg="Refreshing app status (controller refresh requested), level (1)" app-namespace=openshift-gitops application=group-sync-dashboard project=default
time="2026-10-03T04:49:46Z" level=info msg="Comparing app state (cluster: https://kubernetes.default.svc, namespace: group-sync-dashboard)" app-namespace=openshift-gitops application=group-sync-dashboard project=default
time="2026-10-03T04:49:46Z" level=info msg="updated 'openshift-gitops/group-sync-dashboard' operation (phase: Succeeded)" app-namespace=openshift-gitops application=group-sync-dashboard project=default
time="2026-10-03T04:49:46Z" level=info msg="Partial sync operation to 097daa818eedfa6c6955720806a9dd89fa1fdd03 succeeded" application=group-sync-dashboard dest-namespace=group-sync-dashboard dest-server="https://kubernetes.default.svc" reason=OperationCompleted type=Normal
time="2026-10-03T04:49:46Z" level=info msg="GetRepoObjs stats" app-namespace=openshift-gitops application=group-sync-dashboard build_options_ms=0 manifests_ms=43 plugins_ms=0 project=default repo_ms=0 time_ms=43
time="2026-10-03T04:49:46Z" level=info msg="Skipping auto-sync: another operation is in progress" app-namespace=openshift-gitops application=group-sync-dashboard project=default
time="2026-10-03T04:49:46Z" level=info msg="Updated sync status: OutOfSync -> Synced" application=group-sync-dashboard dest-namespace=group-sync-dashboard dest-server="https://kubernetes.default.svc" reason=ResourceUpdated type=Normal
time="2026-10-03T04:49:46Z" level=info msg="Updated health status: Healthy -> Progressing" application=group-sync-dashboard dest-namespace=group-sync-dashboard dest-server="https://kubernetes.default.svc" reason=ResourceUpdated type=Normal
time="2026-10-03T04:49:46Z" level=info msg="Update successful" app-namespace=openshift-gitops application=group-sync-dashboard project=default
time="2026-10-03T04:49:46Z" level=info msg="Reconciliation completed" app-namespace=openshift-gitops app_status_update_ms=0 application=group-sync-dashboard auto_sync_ms=0 compare_app_state_ms=69 comparison-level=1 comparison_with_nothing_ms=0 dedup_ms=0 dest-name= dest-namespace=group-sync-dashboard dest-server="https://kubernetes.default.svc" diff_ms=19 git_ms=44 health_ms=2 live_ms=1 normalize_application_ms=1 patch_ms=12 persist_app_status_ms=17 process_finalizers_ms=0 project=default refresh_app_conditions_ms=0 set_app_managed_resources_ms=40 setop_ms=0 settings_ms=0 sync_ms=0 time_ms=128
time="2026-10-03T04:49:46Z" level=info msg="Refreshing app status (controller refresh requested), level (2)" app-namespace=openshift-gitops application=group-sync-dashboard project=default
time="2026-10-03T04:49:46Z" level=info msg="Comparing app state (cluster: https://kubernetes.default.svc, namespace: group-sync-dashboard)" app-namespace=openshift-gitops application=group-sync-dashboard project=default
time="2026-10-03T04:49:46Z" level=info msg="GetRepoObjs stats" app-namespace=openshift-gitops application=group-sync-dashboard build_options_ms=0 manifests_ms=34 plugins_ms=0 project=default repo_ms=0 time_ms=34
time="2026-10-03T04:49:46Z" level=info msg="Skipping auto-sync: application status is Synced" app-namespace=openshift-gitops application=group-sync-dashboard project=default
time="2026-10-03T04:49:46Z" level=info msg="Update successful" app-namespace=openshift-gitops application=group-sync-dashboard project=default
time="2026-10-03T04:49:46Z" level=info msg="Reconciliation completed" app-namespace=openshift-gitops app_status_update_ms=0 application=group-sync-dashboard auto_sync_ms=0 compare_app_state_ms=65 comparison-level=2 comparison_with_nothing_ms=0 dedup_ms=0 dest-name= dest-namespace=group-sync-dashboard dest-server="https://kubernetes.default.svc" diff_ms=23 git_ms=34 health_ms=4 live_ms=1 normalize_application_ms=1 patch_ms=13 persist_app_status_ms=14 process_finalizers_ms=0 project=default refresh_app_conditions_ms=0 set_app_managed_resources_ms=39 setop_ms=0 settings_ms=0 sync_ms=0 time_ms=121
time="2026-10-03T04:49:47Z" level=info msg="Refreshing app status (controller refresh requested), level (0)" app-namespace=openshift-gitops application=group-sync-dashboard project=default
time="2026-10-03T04:49:47Z" level=info msg="No status changes. Skipping patch" app-namespace=openshift-gitops application=group-sync-dashboard project=default
time="2026-10-03T04:49:47Z" level=info msg="Reconciliation completed" app-namespace=openshift-gitops application=group-sync-dashboard comparison-level=0 dest-name= dest-namespace=group-sync-dashboard dest-server="https://kubernetes.default.svc" patch_ms=0 project=default setop_ms=0 time_ms=15
time="2026-10-03T04:49:47Z" level=info msg="Refreshing app status (controller refresh requested), level (0)" app-namespace=openshift-gitops application=group-sync-dashboard project=default
time="2026-10-03T04:49:47Z" level=info msg="No status changes. Skipping patch" app-namespace=openshift-gitops application=group-sync-dashboard project=default
time="2026-10-03T04:49:47Z" level=info msg="Reconciliation completed" app-namespace=openshift-gitops application=group-sync-dashboard comparison-level=0 dest-name= dest-namespace=group-sync-dashboard dest-server="https://kubernetes.default.svc" patch_ms=0 project=default setop_ms=0 time_ms=24
time="2026-10-03T04:49:47Z" level=info msg="Refreshing app status (controller refresh requested), level (0)" app-namespace=openshift-gitops application=group-sync-dashboard project=default
time="2026-10-03T04:49:47Z" level=info msg="No status changes. Skipping patch" app-namespace=openshift-gitops application=group-sync-dashboard project=default
time="2026-10-03T04:49:47Z" level=info msg="Reconciliation completed" app-namespace=openshift-gitops application=group-sync-dashboard comparison-level=0 dest-name= dest-namespace=group-sync-dashboard dest-server="https://kubernetes.default.svc" patch_ms=0 project=default setop_ms=0 time_ms=12
time="2026-10-03T04:49:47Z" level=info msg="Refreshing app status (controller refresh requested), level (0)" app-namespace=openshift-gitops application=group-sync-dashboard project=default
time="2026-10-03T04:49:47Z" level=info msg="No status changes. Skipping patch" app-namespace=openshift-gitops application=group-sync-dashboard project=default
time="2026-10-03T04:49:47Z" level=info msg="Reconciliation completed" app-namespace=openshift-gitops application=group-sync-dashboard comparison-level=0 dest-name= dest-namespace=group-sync-dashboard dest-server="https://kubernetes.default.svc" patch_ms=0 project=default setop_ms=0 time_ms=11
time="2026-10-03T04:49:48Z" level=info msg="Refreshing app status (controller refresh requested), level (0)" app-namespace=openshift-gitops application=group-sync-dashboard project=default
time="2026-10-03T04:49:48Z" level=info msg="No status changes. Skipping patch" app-namespace=openshift-gitops application=group-sync-dashboard project=default
time="2026-10-03T04:49:48Z" level=info msg="Reconciliation completed" app-namespace=openshift-gitops application=group-sync-dashboard comparison-level=0 dest-name= dest-namespace=group-sync-dashboard dest-server="https://kubernetes.default.svc" patch_ms=0 project=default setop_ms=0 time_ms=11
time="2026-10-03T04:50:04Z" level=info msg="Refreshing app status (controller refresh requested), level (1)" app-namespace=openshift-gitops application=group-sync-dashboard project=default
time="2026-10-03T04:50:04Z" level=info msg="Comparing app state (cluster: https://kubernetes.default.svc, namespace: group-sync-dashboard)" app-namespace=openshift-gitops application=group-sync-dashboard project=default
time="2026-10-03T04:50:04Z" level=info msg="GetRepoObjs stats" app-namespace=openshift-gitops application=group-sync-dashboard build_options_ms=0 manifests_ms=36 plugins_ms=0 project=default repo_ms=0 time_ms=36
time="2026-10-03T04:50:05Z" level=info msg="Skipping auto-sync: application status is Synced" app-namespace=openshift-gitops application=group-sync-dashboard project=default
time="2026-10-03T04:50:05Z" level=info msg="Updated health status: Progressing -> Healthy" application=group-sync-dashboard dest-namespace=group-sync-dashboard dest-server="https://kubernetes.default.svc" reason=ResourceUpdated type=Normal
time="2026-10-03T04:50:05Z" level=info msg="Update successful" app-namespace=openshift-gitops application=group-sync-dashboard project=default
time="2026-10-03T04:50:05Z" level=info msg="Reconciliation completed" app-namespace=openshift-gitops app_status_update_ms=0 application=group-sync-dashboard auto_sync_ms=0 compare_app_state_ms=63 comparison-level=1 comparison_with_nothing_ms=0 dedup_ms=0 dest-name= dest-namespace=group-sync-dashboard dest-server="https://kubernetes.default.svc" diff_ms=20 git_ms=36 health_ms=3 live_ms=1 normalize_application_ms=1 patch_ms=9 persist_app_status_ms=12 process_finalizers_ms=0 project=default refresh_app_conditions_ms=0 set_app_managed_resources_ms=39 setop_ms=0 settings_ms=0 sync_ms=0 time_ms=116
